[betongphuongbac.com/index.html]
[backblue.gif]
[fade.gif]
[index.html]
[betongphuongbac.com/images/favicon/8446logo_bt.png]
[cdnjs.cloudflare.com/ajax/libs/font-awesome/4.4.0/css/font-awesome.min.css]
[ajax.googleapis.com/ajax/libs/jquery/1.9.1/jquery.js]
[stackpath.bootstrapcdn.com/bootstrap/4.1.0/css/bootstrap.min.css]
[betongphuongbac.com/css/normalize.css]
[stackpath.bootstrapcdn.com/bootstrap/4.1.0/js/bootstrap.min.js]
[betongphuongbac.com/css/css/layout.css]
[betongphuongbac.com/css/css/contact/contact.css]
[betongphuongbac.com/css/css/news/news.css]
[betongphuongbac.com/css/css/product/product.css]
[betongphuongbac.com/css/js/jquery.mobilemenu.js]
[betongphuongbac.com/css/js/application.js]
[betongphuongbac.com/css/animate/animate.css]
[betongphuongbac.com/css/animate/wow.min.js]
[betongphuongbac.com/css/css/owlcarousel/assets/owl.carousel.min.css]
[betongphuongbac.com/css/css/owlcarousel/assets/owl.theme.default.min.css]
[betongphuongbac.com/css/css/owlcarousel/owl.carousel.js]
[connect.facebook.net/en_US/sdk.js]
[betongphuongbac.com/gioi-thieu-a1.html]
[betongphuongbac.com/thong-tin-cong-ty-a6.html]
[betongphuongbac.com/nhan-luc-a4.html]
[betongphuongbac.com/chinh-sach-chat-luong--a5.html]
[betongphuongbac.com/index.php/chung-nhan-tieu-chuan-san-pham-a9.html]
[betongphuongbac.com/du-an-a3.html]
[betongphuongbac.com/cong-be-tong-c46.html]
[betongphuongbac.com/index.php/de-cong-(goi-do-cong)-c60.html]
[betongphuongbac.com/index.php/gioang-cao-su-c58.html]
[betongphuongbac.com/cong-tron-c53.html]
[betongphuongbac.com/cong-hop--c54.html]
[betongphuongbac.com/ho-ga-duc-san-c48.html]
[betongphuongbac.com/cong-hop-doi-c55.html]
[betongphuongbac.com/index.php/cac-san-pham-khac-c51.html]
[betongphuongbac.com/index.php/cac-san-pham-cau-kien-be-tong-duc-san-c50.html]
[betongphuongbac.com/index.php/coc-van-cu-be-tong-du-ung-luc-c59.html]
[betongphuongbac.com/tam-tuong-be-tong-acotec-c47.html]
[betongphuongbac.com/cau-thang-duc-san-c49.html]
[betongphuongbac.com/du-an-l7.html]
[betongphuongbac.com/khach-hang-l10.html]
[betongphuongbac.com/nha-cung-cap-l8.html]
[betongphuongbac.com/index.php/vi-deo--a10.html]
[betongphuongbac.com/tin-tuc-l2.html]
[betongphuongbac.com/index.php/tin-tuyen-dung--l5.html]
[betongphuongbac.com/lien-he.html]
[betongphuongbac.com/index-2.html]
[betongphuongbac.com/images/contact/4174logo_bt.png]
[betongphuongbac.com/images/languages/5974vietnam.png]
[betongphuongbac.com/images/slide/3333slide-8.jpg]
[betongphuongbac.com/images/slide/662slide-4.jpg]
[betongphuongbac.com/images/slide/1210slide-3.jpg]
[betongphuongbac.com/images/slide/4624slide-1.jpg]
[betongphuongbac.com/index.php/bao-gia-cong-hop-be-tong-duc-san-p53.html]
[betongphuongbac.com/images/link/612img_4659.jpg]
[betongphuongbac.com/images/link/2964acotec_3_large.jpg]
[betongphuongbac.com/images/link/9297link3.png]
[betongphuongbac.com/images/attachment/thumb/6101cong-tron-d2000-(1).png]
[betongphuongbac.com/index.php/cong-bo-gia-ban-cong-be-tong-tai-thanh-pho-ha-noi-p91.html]
[betongphuongbac.com/images/attachment/thumb/4600conghopdoi-(2).jpg]
[betongphuongbac.com/index.php/cong-hop-doi-h2x(2500x2500)-p88.html]
[betongphuongbac.com/images/attachment/thumb/5251cong-hop-be-tong-doi-(9).jpg]
[betongphuongbac.com/index.php/cong-hop-doi-duc-san-theo-tieu-chuan-9116_2012-p83.html]
[betongphuongbac.com/images/attachment/thumb/2951bao-gia-cong-hop-be-tong-duc-san-(1).jpg]
[betongphuongbac.com/index.php/bao-gia-cong-hop-be-tong-cong-tron-nam-2023-tai-phu-tho-p80.html]
[betongphuongbac.com/images/attachment/thumb/2418bao-gia-ong-cong-be-tong-duc-san.jpg]
[betongphuongbac.com/index.php/bao-gia-cong-be-tong-nam-2023-tai-vinh-phuc--p79.html]
[betongphuongbac.com/images/attachment/thumb/8951cong-tron-loe-(2).jpg]
[betongphuongbac.com/index.php/cong-be-tong-duc-san-chat-luong-tot-nhat-mien-bac-p71.html]
[betongphuongbac.com/images/attachment/thumb/672phu-dien---gach-terrazzo-da-mai.jpg]
[betongphuongbac.com/index.php/gach-lat-ngoai-troi-terrazzo-p67.html]
[betongphuongbac.com/images/attachment/thumb/140cong-be-tong-cot-thep-(1).jpg]
[betongphuongbac.com/index.php/cong-tron-be-tong-d1200-p65.html]
[betongphuongbac.com/images/attachment/thumb/8180co-hop-doi-be-tong-duc-san-(3).jpg]
[betongphuongbac.com/index.php/cong-hop-doi-h2x3000x3000-(3mx3m)-duc-san-p56.html]
[betongphuongbac.com/images/attachment/thumb/7308-09-concrete-kerbs.jpg]
[betongphuongbac.com/index.php/bo-via-be-tong-cho-via-he-p51.html]
[betongphuongbac.com/images/attachment/thumb/7533cong-tron-be-tong-(7).jpg]
[betongphuongbac.com/index.php/cong-tron-be-tong-cot-thep-d1000--p47.html]
[betongphuongbac.com/images/attachment/thumb/9873dsc_2188.jpg]
[betongphuongbac.com/index.php/ong-cong-be-tong-duc-san-d600-p19.html]
[betongphuongbac.com/images/attachment/thumb/70cong-hop-thoat-nuoc-2_s_1_400_1.jpg]
[betongphuongbac.com/index.php/cong-hop-3000mm-x-3000mm-(3m-x-3m)-p18.html]
[betongphuongbac.com/images/attachment/thumb/7533tuy-nel.jpg]
[betongphuongbac.com/index.php/-tuynel-ky-thuat-(be-tong)-p9.html]
[betongphuongbac.com/images/attachment/thumb/6059ho-ga-thu-duc-san_s_1_400_1.jpg]
[betongphuongbac.com/index.php/ho-ga-thu-duc-san-p5.html]
[betongphuongbac.com/images/news/350211011-qh-khu-cong-nghiep-so-5-view-2-1-min-scaled.jpg]
[betongphuongbac.com/index.php/du-an/du-an-kcn-so-5-tinh-hung-yen-n53.html]
[betongphuongbac.com/index.php/du-an/du-an-khu-dan-cu-do-thi-tai-km3,-km4-phuong-hai-yen,-thanh-pho-mong-cai-n48.html]
[betongphuongbac.com/images/news/7424kdc_km3-km4.jpg]
[betongphuongbac.com/index.php/du-an/du-an-khu-do-thi-phuong-dong-van-don---quang-ninh-n41.html]
[betongphuongbac.com/images/news/2598phuong-dong-van-don-1.jpg]
[betongphuongbac.com/images/news/6683nha-giau-ha-noi-‘dich-chuyen’-nguon-dau-tu-ve-phia-dong-nam-175641494117bf32f8605660658d1d98.jpg]
[betongphuongbac.com/index.php/du-an/khu-do-thi-ecopark---hung-yen--n11.html]
[betongphuongbac.com/images/partner/4989vin.png]
[betongphuongbac.com/images/partner/732ecopark.jpg]
[betongphuongbac.com/images/partner/8570lam-viec-tai-vietinbank-10.png]
[betongphuongbac.com/images/partner/8451logovinaconex.jpg]
[betongphuongbac.com/images/partner/5159trung-nam.png]
[betongphuongbac.com/images/partner/709hud-logo-2.jpg]
[betongphuongbac.com/images/partner/7007vietinbank.png]
[betongphuongbac.com/images/comment/8751246x0w.jpg]
[betongphuongbac.com/images/comment/6960call.png]
[betongphuongbac.com/images/comment/2558246x0w.jpg]
[betongphuongbac.com/index.php/tin-tuc/nhung-cau-hoi-thuong-gap-ve-cong-be-tong-duc-san-n58.html]
[betongphuongbac.com/images/news/7512qc-9116-2012-xa-tan-minh-2.jpg]
[betongphuongbac.com/index.php/tin-tuc/nhung-loi-ich-“vang”-khi-lua-chon-cong-be-tong-duc-san-n57.html]
[betongphuongbac.com/images/news/6119ong-cong-be-tong-duc-san-d2000.jpg]
[betongphuongbac.com/index.php/tin-tuc/cong-hop-duc-san_-giai-phap-toi-uu-cho-ha-tang-hien-dai-n56.html]
[betongphuongbac.com/images/news/6616conghopdoi-(2).jpg]
[betongphuongbac.com/index.php/tin-tuc/bao-gia-cong-be-tong-duc-san-nam-2025-tai-nam-dinh,-thai-binh,-ha-nam,-hung-yen-n55.html]
[betongphuongbac.com/images/news/2776nha-may-cong-(1).jpg]
[betongphuongbac.com/index.php/tin-tuc/san-xuat-cong-tron-tai-nha-may-thai-binh-n54.html]
[betongphuongbac.com/images/news/8006cong-tron-d1500-2.jpg]
[betongphuongbac.com/images/contact/2171da-thong-bao-bct.png]
[betongphuongbac.com/css/images/zalo-chat.png]
[tools.vinaweb.vn/images/widget/phone/phone5.png]
[betongphuongbac.com/index.html]
[cdnjs.cloudflare.com/ajax/libs/font-awesome/4.4.0/css/font-awesome.min.css]
[stackpath.bootstrapcdn.com/bootstrap/4.1.0/css/bootstrap.min.css]
[betongphuongbac.com/css/normalize.css]
[betongphuongbac.com/font/UTM Avo.ttf]
[betongphuongbac.com/font/UTM AvoBold.ttf]
[betongphuongbac.com/css/images/_map.png]
[betongphuongbac.com/css/images/_phone.png]
[betongphuongbac.com/css/images/_Email: congtycuaau8386@gmail.com.png]
[betongphuongbac.com/css/images/_web.png]
[betongphuongbac.com/css/images/map.png]
[betongphuongbac.com/css/images/Email: congtycuaau8386@gmail.com.png]
[betongphuongbac.com/css/images/phone.png]
[betongphuongbac.com/css/images/widget/phone/phone.png]
[betongphuongbac.com/css/images/icon.jpg]
[betongphuongbac.com/css/images/icon1.jpg]
[betongphuongbac.com/css/images/icon2.jpg]
[betongphuongbac.com/css/images/icon3.jpg]
[betongphuongbac.com/css/images/phone_2.jpg]
[betongphuongbac.com/css/images/bg_product.png]
[betongphuongbac.com/css/css/layout.css]
[betongphuongbac.com/css/css/contact/contact.css]
[betongphuongbac.com/css/css/news/time.png]
[betongphuongbac.com/css/css/news/tags.png]
[betongphuongbac.com/css/css/news/news.css]
[betongphuongbac.com/css/css/product/0x60.png]
[betongphuongbac.com/css/css/product/1x60.png]
[betongphuongbac.com/css/css/product/2x60.png]
[betongphuongbac.com/css/css/product/3x60.png]
[betongphuongbac.com/css/css/product/4x60.png]
[betongphuongbac.com/css/css/product/5x60.png]
[betongphuongbac.com/css/css/product/6x60.png]
[betongphuongbac.com/css/css/product/7x60.png]
[betongphuongbac.com/css/css/product/8x60.png]
[betongphuongbac.com/css/css/product/9x60.png]
[betongphuongbac.com/css/css/product/x60.png]
[betongphuongbac.com/css/css/product/dx60.png]
[betongphuongbac.com/css/css/product/product.css]
[betongphuongbac.com/css/animate/animate.css]
[betongphuongbac.com/css/css/owlcarousel/assets/owl.video.play.png]
[betongphuongbac.com/css/css/owlcarousel/assets/owl.carousel.min.css]
[betongphuongbac.com/css/css/owlcarousel/assets/owl.theme.default.min.css]
[www.googletagmanager.com/gtm5445.html]
[connect.facebook.net/en_US/sdk.js]
[betongphuongbac.com/images/partner/5919slide-5.jpg]
[betongphuongbac.com/index.php/site/page/1.9685aa.delayed]
[betongphuongbac.com/index.php/chinh-sach-chat-luong--a5.html]
[betongphuongbac.com/index.php/gioi-thieu-be-tong-phuong-bac-a1.html]
[betongphuongbac.com/index.php/tin-tuc/ky-nghi-he-nam-2020-danh-cho-tap-the-cbcnv-cong-ty-n34.html]
[betongphuongbac.com/images/news/961img_20200624_120138.jpg]
[betongphuongbac.com/index.php/tin-tuc/chuyen-thien-nguyen-chan-am-vung-cao-nam-2022-n49.html]
[betongphuongbac.com/images/news/6453sinh-phinh-2022-11.jpg]
[betongphuongbac.com/index.php/tin-tuc/chuc-mung-nam-moi---xuan-quy-mao-2023-n50.html]
[betongphuongbac.com/images/news/5935thiep-chuc-mung-nam-moi-2023-kd.jpg]
[betongphuongbac.com/css/images/support-online.jpg]
[betongphuongbac.com/hpm/images/Upload/images/betongphuongbac1.jpg]
[betongphuongbac.com/hpm/images/Upload/images/IMG_20191010_1140382.jpg]
[betongphuongbac.com/gioi-thieu-a1.html]
[betongphuongbac.com/index.php/site/page/6.a39fb4.delayed]
[betongphuongbac.com/index.php/tin-tuc/co-nen-su-dung-cat-nhan-tao-cho-be-tong_-n32.html]
[betongphuongbac.com/images/news/2223cnt2.jpg]
[betongphuongbac.com/hpm/images/Upload/images/DKKD lan thu 11 85 ty.jpg]
[betongphuongbac.com/thong-tin-cong-ty-a6.html]
[betongphuongbac.com/index.php/site/page/5.a8b353.delayed]
[betongphuongbac.com/index.php/tin-tuc/duy-tri--chung-nhan-phu-hop-tieu-chuan--n43.html]
[betongphuongbac.com/images/news/7845iso-90012015-2021-v.jpg]
[betongphuongbac.com/index.php/tin-tuc/ong-cong-be-tong-duc-san-chat-luong-tot-nhat-mien-bac-n40.html]
[betongphuongbac.com/images/news/7363cong-tron-be-tong-(20).jpg]
[betongphuongbac.com/hpm/images/Upload/images/QC 9001-2015 xã Tân Minh-2(1).jpg]
[betongphuongbac.com/chinh-sach-chat-luong--a5.html]
[betongphuongbac.com/index.php/site/page/4.af15f4.delayed]
[betongphuongbac.com/index.php/tin-tuc/chuong-trinh-thien-nguyen-ha-lang-cao-bang-nam-2023-da-thanh-cong-tot-dep-n52.html]
[betongphuongbac.com/images/news/588gieng-khoan-1.jpg]
[betongphuongbac.com/hpm/images/Upload/images/Bộ máy tổ chức.jpg]
[betongphuongbac.com/hpm/images/Upload/images/Năng lực sản xuất.jpg]
[betongphuongbac.com/hpm/images/Upload/images/IMG_20200713_092317.jpg]
[betongphuongbac.com/hpm/images/Upload/images/IMG_20200713_092324.jpg]
[betongphuongbac.com/hpm/images/Upload/images/20160730_152415.jpg]
[betongphuongbac.com/hpm/images/Upload/images/xe xuc lat.jpg]
[betongphuongbac.com/hpm/images/Upload/images/Dau keo.jpg]
[betongphuongbac.com/hpm/images/Upload/images/May ep.jpg]
[betongphuongbac.com/nhan-luc-a4.html]
[betongphuongbac.com/index.php/site/page/9c3a7]
[betongphuongbac.com/index.php/tin-tuc/chuc-mung-nam-moi-xuan-nham-dan---2022-n44.html]
[betongphuongbac.com/images/news/9769thiep-chuc-mung-nam-moi-2022-2.jpg]
[betongphuongbac.com/index.php/bao-gia-cong-tron-be-tong-p52.html]
[betongphuongbac.com/hpm/images/Upload/images/QC 9116-2012 xã Tân Minh-2.jpg]
[betongphuongbac.com/hpm/images/Upload/images/QC 9113-2012-2.jpg]
[betongphuongbac.com/hpm/images/Upload/images/QC 9001-2015 xã Tân Minh-2.jpg]
[betongphuongbac.com/index.php/chung-nhan-tieu-chuan-san-pham-a9.html]
[betongphuongbac.com/index.php/site/page/318f7]
[betongphuongbac.com/images/news/154612.jpg]
[betongphuongbac.com/index.php/tin-tuc/le-ky-niem-5-nam-ngay-thanh-lap-be-tong-phuong-bac-n39.html]
[ecopark.com.vn/uploads/articles/summernote-attachments/991/content-attachments/nha-giau-ha-noi-‘dich-chuyen’-nguon-dau-tu-ve-phia-dong-nam-175641494117bf32f8605660658d1d98.jpg]
[lh3.ggpht.com/-1YjrBHHWNgE/W9JsPjfdZII/AAAAAAAAIpU/_jp8D8SWO2Q9lC0N6wWQue0SOW1IYxzMgCEwYBhgL/s1600/vincitygialam.jpeg]
[bietthulienke.info/pl/img/26/so-do-phan-khu-louis-city-768x509.jpg]
[betongphuongbac.com/hpm/images/Upload/images/ecopark hai duong.jpg]
[betongphuongbac.com/du-an-a3.html]
[betongphuongbac.com/assets/9bc75d33/pager.css]
[betongphuongbac.com/index.php/cong-be-tong-c46.html]
[betongphuongbac.com/index.php/ho-ga-duc-san-c48.html]
[betongphuongbac.com/index.php/tam-tuong-be-tong-acotec-c47.html]
[betongphuongbac.com/index.php/cong-hop--c54.html]
[betongphuongbac.com/index.php/cong-hop-doi-c55.html]
[betongphuongbac.com/index.php/tin-tuc/be-tong-phuong-bac-hoan-thien-nhieu-thu-tuc-phap-ly-theo-quy-dinh-n25.html]
[betongphuongbac.com/images/news/9028dang-ky-nhan-hieu.jpg]
[betongphuongbac.com/index.php/cong-tron-c53.html]
[betongphuongbac.com/images/attachment/thumb/6331conghopdoi-(2).jpg]
[betongphuongbac.com/index.php/cong-hop-be-tong-duc-san-–-dat-chuan-tcvn-9116_2012-p90.html]
[betongphuongbac.com/images/attachment/thumb/2687dien-bien-(5).jpg]
[betongphuongbac.com/index.php/cong-tron-be-tong-duc-san_-giai-phap-toan-dien-cho-moi-cong-trinh-p89.html]
[betongphuongbac.com/images/attachment/thumb/8274cong-tron-d1500-2.jpg]
[betongphuongbac.com/index.php/cong-tron-be-tong-cot-thep-san-xuat-tai-thai-binh-p87.html]
[betongphuongbac.com/images/attachment/thumb/6954conghopbetongphuongbac.jpg]
[betongphuongbac.com/index.php/chi-so-tieu-chuan-thu-tai-cua-cong-hop-duc-san-p86.html]
[betongphuongbac.com/images/attachment/thumb/7481cong-hop-be-tong-(5).jpg]
[betongphuongbac.com/index.php/bao-gia-cong-be-tong-tai-thai-binh-nam-dinh-p85.html]
[betongphuongbac.com/images/attachment/thumb/3947cong-hop-be-tong-(5).jpg]
[betongphuongbac.com/index.php/cong-be-tong-duc-san-mien-bac-p82.html]
[betongphuongbac.com/Cống bê tông đúc sẵn chất lượng cung cấp toàn miền bắc]
[betongphuongbac.com/images/attachment/thumb/6461bao-gia-cong-hop-doi-be-tong-duc-san-1.jpg]
[betongphuongbac.com/index.php/bao-gia-cong-be-tong-tai-quang-ninh-nam-2023-p81.html]
[betongphuongbac.com/BÁO GIÁ CỐNG BÊ TÔNG TẠI QUẢNG NINH NĂM 2023]
[betongphuongbac.com/images/attachment/thumb/4776cong-be-tong-cot-thep-(2).jpg]
[betongphuongbac.com/images/attachment/thumb/7771cong-tron-loe-(5).jpg]
[betongphuongbac.com/index.php/yeu-cau-ve-hinh-thuc-ben-ngoai-cua-ong-cong-be-tong-p78.html]
[betongphuongbac.com/index.php/thu-nghiem-do-chong-tham-cua-ong-cong-be-tong-duc-san-p77.html]
[betongphuongbac.com/images/attachment/thumb/9243cong-hop-doi-duc-san-(2).jpg]
[betongphuongbac.com/index.php/chi-tieu-thu-nghiem-do-tham-nuoc-cua-cong-hop-be-tong-p76.html]
[betongphuongbac.com/index.php/cong-be-tong-c464658.html]
[betongphuongbac.com/index.php/cong-be-tong-c469ba9.html]
[betongphuongbac.com/cong-be-tong-c46.html]
[betongphuongbac.com/index.php/cong-be-tong-c46fdb0.html]
[betongphuongbac.com/images/news/9289tuyen-ky-su-quan-ly-san-xuat-2023-co-nho.jpg]
[betongphuongbac.com/index.php/tin-tuc/tuyen-ky-su-quan-ly-san-xuat-n51.html]
[betongphuongbac.com/index.php/tin-tuc/chuc-mung-ngay-doanh-nhan-viet-nam-n42.html]
[betongphuongbac.com/images/news/754doanh-nhaan.jpg]
[betongphuongbac.com/images/attachment/thumb/3643img_20190917_164544.jpg]
[betongphuongbac.com/index.php/goi-do-cong-(de-cong)-d300---d1500-p61.html]
[betongphuongbac.com/images/attachment/thumb/392img_20200713_135222.jpg]
[betongphuongbac.com/index.php/de-cong-(goi-do-cong)-c60.html]
[betongphuongbac.com/index.php/de-(goi)-cong-be-tong-p60.html]
[betongphuongbac.com/index.php/tin-tuc/kham-pha-ha-giang---mua-hoa-trang-no-n45.html]
[betongphuongbac.com/images/news/7356ha-giang-2022-1.jpg]
[betongphuongbac.com/images/attachment/thumb/5353gioang-cao-su-cong-(5).jpg]
[betongphuongbac.com/index.php/video-huong-dan-cach-lap-gioang-cao-su-cong-be-tong-p64.html]
[betongphuongbac.com/images/attachment/thumb/2291ong-cong-be-tong-duc-san-(25).jpg]
[betongphuongbac.com/index.php/bao-gia-gioang-cao-su-p54.html]
[betongphuongbac.com/images/attachment/thumb/3150gioang-nho.jpg]
[betongphuongbac.com/index.php/gioang-cao-su-cho-moi-noi-cong-p38.html]
[betongphuongbac.com/index.php/gioang-cao-su-c58.html]
[betongphuongbac.com/index.php/tin-tuc/mua-he-ruc-chay-cung-be-tong-phuong-bac-n46.html]
[betongphuongbac.com/images/news/2040nghi-he-4.jpg]
[betongphuongbac.com/images/attachment/thumb/1886cong-be-tong-cot-thep-(2).jpg]
[betongphuongbac.com/index.php/bao-gia-cong-tron-be-tong-duc-san-tai-ha-noi,-vinh-phuc,-bac-ninh,-hung-yen,-phu-tho,-ha-nam,-thai-nguyen-p73.html]
[betongphuongbac.com/images/attachment/thumb/3180cong-be-tong-cot-thep-(2).jpg]
[betongphuongbac.com/index.php/video-gioi-thieu-cong-tron-be-tong-do-be-tong-phuong-bac-san-xuat-p70.html]
[betongphuongbac.com/images/attachment/thumb/3276cong-be-tong-cot-thep-(8).jpg]
[betongphuongbac.com/index.php/tieu-chuan-ong-cong-tron-be-tong-duc-san-p55.html]
[betongphuongbac.com/images/attachment/thumb/5489cong-tron-be-tong-(6).jpg]
[betongphuongbac.com/images/attachment/thumb/6174dsc_2194.jpg]
[betongphuongbac.com/index.php/ong-cong-tron-be-tong-cot-thep-d800-(ong-cong-d800)-p42.html]
[betongphuongbac.com/images/attachment/thumb/7421cong-tron-be-tong-(15).jpg]
[betongphuongbac.com/index.php/cong-be-tong-cot-thep-d1500-(ong-cong)-p41.html]
[betongphuongbac.com/images/attachment/thumb/2633fb_img_1565523540465.jpg]
[betongphuongbac.com/index.php/cong-tron-d1250-(ong-cong-d1200)-p40.html]
[betongphuongbac.com/cong-tron-c53.html]
[betongphuongbac.com/index.php/cong-tron-c534658.html]
[betongphuongbac.com/index.php/tin-tuc/be-tong-phuong-bac---5-nam-chang-duong-khang-dinh-n38.html]
[betongphuongbac.com/images/news/1194phong-nen-sinh-nhat-cong-ty-28-nho.jpg]
[betongphuongbac.com/images/attachment/thumb/2977cong-ho-be-tong-duc-san-(1).jpg]
[betongphuongbac.com/index.php/bao-gia-cong-hop-be-tong-tai-vinh-phuc,-phu-tho,-thai-nguyen,-bac-ninh,-bac-giang,-ha-noi-p72.html]
[betongphuongbac.com/images/attachment/thumb/2139cong-hop-doi-be-tong-duc-san-(7).jpg]
[betongphuongbac.com/index.php/video-cong-hop-doi-h2x3x3-be-tong-phuong-bac-san-xuat-p69.html]
[betongphuongbac.com/images/attachment/thumb/3998cong-hop-be-tong-duc-san-(1).jpg]
[betongphuongbac.com/images/attachment/thumb/2017cong-ho-be-tong-duc-san-(10).jpg]
[betongphuongbac.com/index.php/cong-hop-be-tong-duc-san-p49.html]
[betongphuongbac.com/images/attachment/thumb/407cong-hop-be-tong-(1).jpg]
[betongphuongbac.com/index.php/cong-hop-h-2000-x-2000-p43.html]
[betongphuongbac.com/images/attachment/thumb/2218doi-2.jpg]
[betongphuongbac.com/index.php/cong-hop-be-tong-cot-thep-duc-san-p37.html]
[betongphuongbac.com/images/attachment/thumb/4635dsc_1267.jpg]
[betongphuongbac.com/index.php/cong-hop-don-duc-san-p31.html]
[betongphuongbac.com/images/attachment/thumb/6889img_20191126_152155.jpg]
[betongphuongbac.com/index.php/cong-hop-800-x-800-(chieu-dai-dot-cong-1000)-p16.html]
[betongphuongbac.com/images/attachment/thumb/9754img_1560921859475_1560921915931.jpg]
[betongphuongbac.com/index.php/cong-hop-be-tong-p15.html]
[betongphuongbac.com/images/attachment/thumb/9468img_20200528_085334.jpg]
[betongphuongbac.com/index.php/cong-hop-be-tong-duc-san-p14.html]
[betongphuongbac.com/cong-hop--c54.html]
[betongphuongbac.com/images/attachment/thumb/8806cong-hop-doi-be-tong-duc-san-(25).jpg]
[betongphuongbac.com/index.php/cac-thong-so-cong-hop-be-tong-don-va-cong-hop-doi-p50.html]
[betongphuongbac.com/images/attachment/thumb/3041cong-hop-doi-duc-san-(22).jpg]
[betongphuongbac.com/index.php/cong-hop-doi-h2-x-(2500x2500)-p46.html]
[betongphuongbac.com/images/attachment/thumb/3574cong-hop-doi-duc-san-(13).jpg]
[betongphuongbac.com/index.php/cong-hop-doi-h-2x-(1500x1500)-p45.html]
[betongphuongbac.com/images/attachment/thumb/5126tk-hop-doi.jpg]
[betongphuongbac.com/index.php/thiet-ke-cong-hop-doi-p32.html]
[betongphuongbac.com/images/attachment/thumb/340hop-doi-3m.jpg]
[betongphuongbac.com/index.php/cong-hop-doi-p17.html]
[betongphuongbac.com/cong-hop-doi-c55.html]
[betongphuongbac.com/images/attachment/thumb/562ho-ga-be-tong-phuong-bac-(1).jpg]
[betongphuongbac.com/index.php/ho-ga-duc-san-kich-thuoc-lon-nhieu-dau-dau-noi-cac-loai-cong-be-tong-p75.html]
[betongphuongbac.com/images/attachment/thumb/2942ho-ga-duc-san-be-tong-(12).jpg]
[betongphuongbac.com/index.php/vai-tro-cua-ho-ga-trong-he-thong-thoat-nuoc-p74.html]
[betongphuongbac.com/images/attachment/thumb/9937ho-ga-duc-san-(5).jpg]
[betongphuongbac.com/index.php/tong-hop-kich-thuoc-long-ho-ho-ga-ung-voi-dau-noi-cong-be-tong-tron-p58.html]
[betongphuongbac.com/images/attachment/thumb/2453dsc_2109.jpg]
[betongphuongbac.com/index.php/cac-loai-ho-ga-be-tong-thoat-nuoc-p48.html]
[betongphuongbac.com/images/attachment/thumb/5214ho-ga_s_1_400_1.jpg]
[betongphuongbac.com/index.php/ho-ga-be-tong-p8.html]
[betongphuongbac.com/images/attachment/thumb/627img_20200410_101330.jpg]
[betongphuongbac.com/index.php/ho-ga-be-tong-duc-san-p7.html]
[betongphuongbac.com/images/attachment/thumb/2813ho-ga-duc-san_s_1_400_1.jpg]
[betongphuongbac.com/index.php/ho-ga-thu-truc-tiep-p6.html]
[betongphuongbac.com/ho-ga-duc-san-c48.html]
[betongphuongbac.com/images/attachment/thumb/7253ranh-be-tong-chu-u-(2).jpg]
[betongphuongbac.com/index.php/ranh-be-tong-chu-u-cho-du-an-kdt-tht-ha-noi-p66.html]
[betongphuongbac.com/images/attachment/thumb/159hao-ky-thuat_s_1_400_1.jpg]
[betongphuongbac.com/index.php/hao-ky-thuat-be-tong-duc-san-p11.html]
[betongphuongbac.com/images/attachment/thumb/2659hao-ky-thuat.jpg]
[betongphuongbac.com/index.php/-hao-ky-thuat-p10.html]
[betongphuongbac.com/images/attachment/thumb/558ranh-thoat-nuoc_s_1_400_1.jpg]
[betongphuongbac.com/index.php/ranh-thoat-nuoc-p4.html]
[betongphuongbac.com/index.php/cac-san-pham-khac-c51.html]
[betongphuongbac.com/images/attachment/thumb/7596bo-via-gia-da-(1)1.jpg]
[betongphuongbac.com/index.php/bo-via-gia-da-p84.html]
[betongphuongbac.com/images/attachment/thumb/3052gach-tu-chen-block.jpg]
[betongphuongbac.com/index.php/gach-block-tu-chen-p68.html]
[betongphuongbac.com/images/attachment/thumb/41kerb-stone-500x500.jpg]
[betongphuongbac.com/index.php/cac-san-pham-cau-kien-be-tong-duc-san-c50.html]
[betongphuongbac.com/index.php/bo-via-be-tong-theo-kich-thuoc-p57.html]
[betongphuongbac.com/images/attachment/thumb/4685coc-van.jpg]
[betongphuongbac.com/index.php/thi-cong-coc-cu-be-tong-w600a-tai-quang-ninh-p63.html]
[betongphuongbac.com/images/attachment/thumb/3000dsc_1100.jpg]
[betongphuongbac.com/index.php/dac-diem-coc-van-cu-be-tong-du-ung-luc-p62.html]
[betongphuongbac.com/images/attachment/thumb/4056coc-van.jpg]
[betongphuongbac.com/index.php/coc-van-cu-be-tong-du-ung-luc-p59.html]
[betongphuongbac.com/index.php/coc-van-cu-be-tong-du-ung-luc-c59.html]
[betongphuongbac.com/images/attachment/thumb/7397img_20190920_111658.jpg]
[betongphuongbac.com/index.php/tam-tuong-acotec---cong-nghe-moi-cho-xay-dung-hien-dai-p44.html]
[betongphuongbac.com/images/attachment/thumb/5811tam-tuong.jpg]
[betongphuongbac.com/index.php/huong-dan-lap-dung-tam-tuong-acotec-p34.html]
[betongphuongbac.com/images/attachment/thumb/8195dsc_2842.jpg]
[betongphuongbac.com/index.php/tam-tuong-acotec-p24.html]
[betongphuongbac.com/images/attachment/thumb/9475dsc_2836.jpg]
[betongphuongbac.com/index.php/tam-san-acotech-p23.html]
[betongphuongbac.com/images/attachment/thumb/6952dsc_2831.jpg]
[betongphuongbac.com/index.php/tam-tuong,san-be-tong-acotec-p22.html]
[betongphuongbac.com/images/attachment/thumb/8326dsc_2841.jpg]
[betongphuongbac.com/index.php/tam-tuong-be-tong-acotec-p21.html]
[betongphuongbac.com/images/attachment/thumb/6998dsc_2823.jpg]
[betongphuongbac.com/index.php/tam-tuong-be-tong-acotec-p20.html]
[betongphuongbac.com/tam-tuong-be-tong-acotec-c47.html]
[betongphuongbac.com/index.php/tin-tuc/du-an-duong-vao-bai-coc-cao-quyd---thuy-nguyen---hai-phong-n35.html]
[betongphuongbac.com/index.php/cau-thang-duc-san-c49.html]
[betongphuongbac.com/images/news/3652cong-hop-doi-be-tong-duc-san-(61).jpg]
[betongphuongbac.com/images/attachment/thumb/26952f213001e29850a9b038b7639b9063ea.jpg]
[betongphuongbac.com/index.php/cau-thang-be-tong-duc-san-p26.html]
[betongphuongbac.com/cau-thang-duc-san-c49.html]
[betongphuongbac.com/index.php/du-an-l7.html]
[betongphuongbac.com/index.php/nha-cung-cap-l8.html]
[betongphuongbac.com/index.php/khach-hang-l10.html]
[betongphuongbac.com/images/news/7757udic.png]
[betongphuongbac.com/index.php/khach-hang/tong-cong-ty-dau-tu-phat-trien-ha-tang-va-do-thi-n24.html]
[betongphuongbac.com/index.php/khach-hang/tong-cong-ty-phat-trien-nha-va-do-thi-n23.html]
[betongphuongbac.com/images/news/9154hud-logo1-810x510.png]
[betongphuongbac.com/index.php/khach-hang/tap-doan-vingroup-n22.html]
[betongphuongbac.com/images/news/6316vin-gruop.png]
[betongphuongbac.com/index.php/khach-hang/samsung-thai-nguyen-n21.html]
[betongphuongbac.com/images/news/9837samsung-tuyen-10000-lao-dong-luong-7-trieu-dong-1.jpg]
[betongphuongbac.com/index.php/khach-hang/khu-cong-nghiep-va-do-thi-viet-nam-singapo---vsip-bac-ninh-n20.html]
[betongphuongbac.com/images/news/2924vsip-d4ed.jpg]
[betongphuongbac.com/index.php/khach-hang/khu-do-thi-sinh-thai-ecopack---hung-yen-n19.html]
[betongphuongbac.com/images/news/5072ecopark-hungyen.jpg]
[betongphuongbac.com/index.php/khach-hang/tong-cong-ty-phat-trien-ha-tang-va-dau-tu-tai-chinh-viet-nam---vidifi-n18.html]
[betongphuongbac.com/images/news/1971cao-toc.jpg]
[betongphuongbac.com/index.php/khach-hang/tong-cong-ty-xnk-xay-dung-viet-nam---vinaconex-n17.html]
[betongphuongbac.com/images/news/6972logo-vinaconex.jpg]
[betongphuongbac.com/index.php/nha-cung-cap/da-xay-dung-ha-nam-n16.html]
[betongphuongbac.com/images/news/473da-ha-nam.jpg]
[betongphuongbac.com/index.php/nha-cung-cap/xi-mang-vicem-n15.html]
[betongphuongbac.com/images/news/1910vicemht.jpg]
[betongphuongbac.com/index.php/nha-cung-cap/thep-hoa-phat-n14.html]
[betongphuongbac.com/images/news/3691thep-hoa-phat.jpg]
[betongphuongbac.com/index.php/nha-cung-cap/thep-viet-uc-n13.html]
[betongphuongbac.com/images/news/9153thep-viet-uc.jpg]
[betongphuongbac.com/du-an-l7.html]
[betongphuongbac.com/khach-hang-l10.html]
[betongphuongbac.com/nha-cung-cap-l8.html]
[betongphuongbac.com/index.php/site/page/10.190c456.delayed]
[betongphuongbac.com/index.php/vi-deo--a10.html]
[betongphuongbac.com/index.php/tin-tuc-l2.html]
[betongphuongbac.com/index.php/tin-tuc/ron-rang-ngay-tet-trung-thu-n47.html]
[betongphuongbac.com/images/news/8657banh-trung-thu.jpg]
[betongphuongbac.com/index.php/tin-tuc-l24658.html]
[betongphuongbac.com/index.php/tin-tuc-l29ba9.html]
[betongphuongbac.com/tin-tuc-l2.html]
[betongphuongbac.com/index.php/tuyen-dung-l3.html]
[betongphuongbac.com/index.php/tin-chuyen-nganh-l6.html]
[betongphuongbac.com/index.php/tin-tuyen-dung-/cac-hinh-thuc-thanh-toan-n29.html]
[betongphuongbac.com/images/news/6166hinh-thuc-thanh-toan-khi-mua-xe-toyota.jpg]
[betongphuongbac.com/index.php/tin-tuyen-dung-/chinh-sach-bao-mat-thong-tin-ca-nhan-khach-hang-n28.html]
[betongphuongbac.com/images/news/8622chinh-sach-bao-mat-thong-tin.png]
[betongphuongbac.com/index.php/tin-tuyen-dung--l5.html]
[betongphuongbac.com/lien-he.html]
[betongphuongbac.com/index.php/lien-he.html]
[betongphuongbac.com/index-2.html]
[betongphuongbac.com/images/attachment/3998cong-hop-be-tong-duc-san-(1).jpg]
[betongphuongbac.com/index.php/phan-biet-thep-can-nong-va-thep-can-nguoi-p39.html]
[betongphuongbac.com/index.php/ong-cong-thoat-nuoc-be-tong-d300-d500-p36.html]
[betongphuongbac.com/index.php/cong-tron-d2000-p35.html]
[betongphuongbac.com/index.php/bien-phap-thi-cong-cong-be-tong-thoat-nuoc-p33.html]
[betongphuongbac.com/index.php/cong-be-tong-va-ngoai-quan--p25.html]
[betongphuongbac.com/index.php/cong-tron-am-duong-p13.html]
[betongphuongbac.com/index.php/cong-tron-be-tong-p12.html]
[apis.google.com/js/plusone.js]
[betongphuongbac.com/.desc_product]
[betongphuongbac.com/.feature_product]
[betongphuongbac.com/index.php/cong-hop-be-tong-cot-thep-duc-san-p49.html]
[betongphuongbac.com/index.php/cong-hop-be-tong-p14.html]
[betongphuongbac.com/hpm/images/Upload/images/cong-ho-be-tong-duc-san (6).jpg]
[betongphuongbac.com/hpm/images/Upload/images/cong-hop-be-tong-duc-san (4).jpg]
[betongphuongbac.com/hpm/images/Upload/images/cong-hop-be-tong-duc-san (31).jpg]
[betongphuongbac.com/hpm/images/Upload/images/cong-hop-be-tong-duc-san (1).jpg]
[betongphuongbac.com/index.php/bao-gia-cong-hop-be-tong-duc-san-p53.html]
[betongphuongbac.com/images/attachment/6101cong-tron-d2000-(1).png]
[betongphuongbac.com/hpm/images/Upload/images/Công bố giá HN 2026.jpg]
[betongphuongbac.com/hpm/images/Upload/images/Công bố giá HN 2026 1.jpg]
[betongphuongbac.com/hpm/images/Upload/images/Công bố giá HN 2026 2.jpg]
[betongphuongbac.com/hpm/images/Upload/images/cong-hop-be-tong-duc-san (9)(1).jpg]
[betongphuongbac.com/index.php/cong-bo-gia-ban-cong-be-tong-tai-thanh-pho-ha-noi-p91.html]
[betongphuongbac.com/images/attachment/4600conghopdoi-(2).jpg]
[betongphuongbac.com/hpm/images/Upload/images/Ban ve cong hop.jpg]
[betongphuongbac.com/hpm/images/Upload/images/conghopdoi (1).jpg]
[betongphuongbac.com/hpm/images/Upload/images/conghopdoi (2).jpg]
[betongphuongbac.com/index.php/cong-hop-doi-h2x(2500x2500)-p88.html]
[betongphuongbac.com/images/attachment/5251cong-hop-be-tong-doi-(9).jpg]
[betongphuongbac.com/hpm/images/Upload/images/cong-hop-doi-be-tong-duc-san (5).jpg]
[betongphuongbac.com/hpm/images/Upload/images/cong-hop-doi-duc-san (6).jpg]
[betongphuongbac.com/index.php/cong-hop-doi-duc-san-theo-tieu-chuan-9116_2012-p83.html]
[betongphuongbac.com/images/attachment/2951bao-gia-cong-hop-be-tong-duc-san-(1).jpg]
[betongphuongbac.com/index.php/bao-gia-cong-hop-cong-tron-nam-2023-tai-phu-tho-p80.html]
[betongphuongbac.com/index.php/-cong-hop-800-x-800-(chieu-dai-dot-cong-1000)-p16.html]
[betongphuongbac.com/index.php/cong-tron-be-tong-cot-thep-d800-(ong-cong-d800)-p42.html]
[betongphuongbac.com/hpm/images/Upload/images/Bao-gia-cong-be-tong-phu-tho.jpg]
[betongphuongbac.com/index.php/bao-gia-cong-hop-be-tong-cong-tron-nam-2023-tai-phu-tho-p80.html]
[betongphuongbac.com/images/attachment/2418bao-gia-ong-cong-be-tong-duc-san.jpg]
[betongphuongbac.com/hpm/images/Upload/images/Bao-gia-cong-be-tong.jpg]
[betongphuongbac.com/index.php/bao-gia-cong-be-tong-nam-2023-tai-vinh-phuc--p79.html]
[betongphuongbac.com/images/attachment/8951cong-tron-loe-(2).jpg]
[betongphuongbac.com/index.php/tieu-chuan-cong-tron-be-tong-duc-san-p55.html]
[betongphuongbac.com/index.php/ong-cong-be-tong-d300---d500-p36.html]
[betongphuongbac.com/hpm/images/Upload/images/cong-be-tong-cot-thep (5).jpg]
[betongphuongbac.com/hpm/images/Upload/images/gioang-cao-su-ong-cong-be-tong-duc-san (25).jpg]
[betongphuongbac.com/hpm/images/Upload/images/cot-thep-cong-tron.jpg]
[betongphuongbac.com/hpm/images/Upload/images/cong-be-tong-cot-thep (2).jpg]
[betongphuongbac.com/index.php/cong-be-tong-duc-san-chat-luong-tot-nhat-mien-bac-p71.html]
[betongphuongbac.com/images/attachment/672phu-dien---gach-terrazzo-da-mai.jpg]
[betongphuongbac.com/index.php/gach-lat-ngoai-troi-terrazzo-(lat-he,-lat-san-vuon,-loi-di....)-p67.html]
[betongphuongbac.com/hpm/images/Upload/images/Gach-Terrazzo-lat-san-vuon.jpg]
[betongphuongbac.com/hpm/images/Upload/images/Gạch-Terrazzo-lat-he.jpg]
[betongphuongbac.com/index.php/gach-lat-ngoai-troi-terrazzo-p67.html]
[betongphuongbac.com/images/attachment/140cong-be-tong-cot-thep-(1).jpg]
[betongphuongbac.com/hpm/images/Upload/images/cong-tron-be-tong (15).jpg]
[betongphuongbac.com/hpm/images/Upload/images/cong-tron-be-tong (16).jpg]
[betongphuongbac.com/hpm/images/Upload/images/cong-tron-be-tong (22).jpg]
[betongphuongbac.com/index.php/cong-tron-be-tong-d1200-p65.html]
[betongphuongbac.com/images/attachment/8180co-hop-doi-be-tong-duc-san-(3).jpg]
[betongphuongbac.com/hpm/images/Upload/images/co-hop-doi-be-tong-duc-san (4).jpg]
[betongphuongbac.com/hpm/images/Upload/images/co-hop-doi-be-tong-duc-san (3).jpg]
[betongphuongbac.com/hpm/images/Upload/images/cong-hop-doi-be-tong-duc-san (1).jpg]
[betongphuongbac.com/index.php/cong-hop-doi-h2x3000x3000-(3mx3m)-duc-san-p56.html]
[betongphuongbac.com/images/attachment/7308-09-concrete-kerbs.jpg]
[betongphuongbac.com/index.php/cong-tron-be-tong-cot-thep-d1500-(ong-cong)-p41.html]
[betongphuongbac.com/images/attachment/thumb/7475pic-8-pressed-kerbs-2.jpg]
[betongphuongbac.com/images/attachment/thumb/7434concrete-kerb-stone-500x500.jpg]
[betongphuongbac.com/images/attachment/thumb/4867_x_4_kerbs.jpg]
[betongphuongbac.com/images/attachment/thumb/9728kerb-stone-500x500.jpg]
[betongphuongbac.com/index.php/bo-via-be-tong-cho-via-he-p51.html]
[betongphuongbac.com/images/attachment/7533cong-tron-be-tong-(7).jpg]
[betongphuongbac.com/hpm/images/Upload/images/cong-tron-be-tong (5).jpg]
[betongphuongbac.com/hpm/images/Upload/images/cong-tron-be-tong (1).jpg]
[betongphuongbac.com/index.php/cong-tron-be-tong-cot-thep-d1000--p47.html]
[betongphuongbac.com/images/attachment/9873dsc_2188.jpg]
[betongphuongbac.com/images/attachment/thumb/4547dsc_2303.jpg]
[betongphuongbac.com/images/attachment/thumb/1344dsc_2247.jpg]
[betongphuongbac.com/images/attachment/thumb/3543dsc_2195.jpg]
[betongphuongbac.com/images/attachment/thumb/2280dsc_2194.jpg]
[betongphuongbac.com/index.php/ong-cong-be-tong-duc-san-d600-p19.html]
[betongphuongbac.com/images/attachment/70cong-hop-thoat-nuoc-2_s_1_400_1.jpg]
[betongphuongbac.com/images/attachment/thumb/5420dsc_1268.jpg]
[betongphuongbac.com/images/attachment/thumb/1070img_20190409_111209.jpg]
[betongphuongbac.com/images/attachment/thumb/4487img_1560921862637_1560921916029.jpg]
[betongphuongbac.com/images/attachment/thumb/3435img_20190619_123304.jpg]
[betongphuongbac.com/index.php/-cong-hop-be-tong-1500-x-1500-(-1,5m-x-1,5m-)-p15.html]
[betongphuongbac.com/images/attachment/thumb/4254img_20190619_123246.jpg]
[betongphuongbac.com/index.php/cong-hop-3000mm-x-3000mm-(3m-x-3m)-p18.html]
[betongphuongbac.com/images/attachment/7533tuy-nel.jpg]
[betongphuongbac.com/images/attachment/thumb/3304hao.jpg]
[betongphuongbac.com/images/attachment/thumb/3991hao-2.jpg]
[betongphuongbac.com/images/attachment/thumb/4585hao-ky-thuat.jpg]
[betongphuongbac.com/index.php/-tuynel-ky-thuat-(be-tong)-p9.html]
[betongphuongbac.com/images/attachment/6059ho-ga-thu-duc-san_s_1_400_1.jpg]
[betongphuongbac.com/images/attachment/thumb/1344dsc_1217.jpg]
[betongphuongbac.com/index.php/-ho-ga-duc-san-p7.html]
[betongphuongbac.com/images/attachment/thumb/4438dsc_1254.jpg]
[betongphuongbac.com/images/attachment/thumb/8837dsc_2108.jpg]
[betongphuongbac.com/images/attachment/thumb/1859dsc_2302.jpg]
[betongphuongbac.com/images/attachment/thumb/7716dsc_1256.jpg]
[betongphuongbac.com/index.php/ho-ga-thu-duc-san-p5.html]
[betongphuongbac.com/index.php/du-an-l4.html]
[betongphuongbac.com/hpm/images/Upload/images/KCN so 5.jpg]
[betongphuongbac.com/hpm/images/Upload/images/cong-hop-be-tong-duc-san (33).jpg]
[betongphuongbac.com/hpm/images/Upload/images/ranh-be-tong-chu-u (3).jpg]
[betongphuongbac.com/index.php/du-an/khu-do-thi-moi-ghi-n3.html]
[betongphuongbac.com/images/news/7412vincitygialam.jpg]
[betongphuongbac.com/index.php/du-an/du-an-kcn-so-5-tinh-hung-yen-n53.html]
[betongphuongbac.com/index.php/du-an/du-an-khu-dan-cu-do-thi-tai-km3,-km4-phuong-hai-yen,-thanh-pho-mong-cai-n48.html]
[betongphuongbac.com/hpm/images/Upload/images/phuong-dong-van-don-1.jpg]
[betongphuongbac.com/hpm/images/Upload/images/phuong-dong-van-don-3.jpg]
[betongphuongbac.com/hpm/images/Upload/images/phuong-dong-van-don.jpg]
[betongphuongbac.com/hpm/images/Upload/images/phuong-dong-van-don-2.jpg]
[betongphuongbac.com/index.php/du-an/du-an-khu-do-thi-phuong-dong-van-don---quang-ninh-n41.html]
[betongphuongbac.com/index.php/du-an/khu-do-thi-ecopark---hung-yen--n11.html]
[betongphuongbac.com/hpm/images/Upload/images/QC 9001-2015 xã Tân Minh-2(2).jpg]
[betongphuongbac.com/hpm/images/Upload/images/ep thu nghiem cong tron(1).jpg]
[betongphuongbac.com/index.php/tin-tuc/nhung-cau-hoi-thuong-gap-ve-cong-be-tong-duc-san-n58.html]
[betongphuongbac.com/hpm/images/Upload/images/conghopbetongphuongbac.jpg]
[betongphuongbac.com/hpm/images/Upload/images/cong tron d1500 3.jpg]
[betongphuongbac.com/hpm/images/Upload/images/IMG_1540288707364_1540362078529.jpg]
[betongphuongbac.com/hpm/images/Upload/images/cong-hop-doi-duc-san.jpg]
[betongphuongbac.com/index.php/tin-tuc/nhung-loi-ich-“vang”-khi-lua-chon-cong-be-tong-duc-san-n57.html]
[betongphuongbac.com/hpm/images/Upload/images/cong-hop-be-tong-duc-san (27).jpg]
[betongphuongbac.com/index.php/tin-tuc/cong-hop-duc-san_-giai-phap-toi-uu-cho-ha-tang-hien-dai-n56.html]
[betongphuongbac.com/hpm/images/Upload/images/Congbogiavatlieuxaydungnd.jpg]
[betongphuongbac.com/hpm/images/Upload/images/Congbogiavatlieuxaydung.jpg]
[betongphuongbac.com/index.php/tin-tuc/bao-gia-cong-be-tong-duc-san-nam-2025-tai-nam-dinh,-thai-binh,-ha-nam,-hung-yen-n55.html]
[betongphuongbac.com/hpm/images/Upload/images/cong tron d1500 1.jpg]
[betongphuongbac.com/hpm/images/Upload/images/cong tron d1500.jpg]
[betongphuongbac.com/hpm/images/Upload/images/cong tron d1500 4.jpg]
[betongphuongbac.com/index.php/tin-tuc/san-xuat-cong-tron-tai-nha-may-thai-binh-n54.html]
[betongphuongbac.com/font/UTM Avo.html]
[betongphuongbac.com/font/UTM AvoBold.html]
[betongphuongbac.com/css/images/widget/phone/phone.html]
[betongphuongbac.com/index.php/site/page/185aa.html]
[betongphuongbac.com/index.php/chinh-sach-chat-luong--a5.html]
[betongphuongbac.com/index.php/gioi-thieu-be-tong-phuong-bac-a1.html]
[betongphuongbac.com/css/ckeditor/plugins/smiley/images/teeth_smile.png]
[betongphuongbac.com/hpm/images/Upload/images/IMG_20200621_2016577.jpg]
[betongphuongbac.com/hpm/images/Upload/images/IMG_20200621_2045452.jpg]
[betongphuongbac.com/hpm/images/Upload/images/IMG_20200621_1919147.jpg]
[betongphuongbac.com/hpm/images/Upload/images/IMG_20200624_120326.jpg]
[betongphuongbac.com/hpm/images/Upload/images/IMG_20200624_120217.jpg]
[betongphuongbac.com/hpm/images/Upload/images/IMG_20200624_120240.jpg]
[betongphuongbac.com/index.php/tin-tuc/ky-nghi-he-nam-2020-danh-cho-tap-the-cbcnv-cong-ty-n34.html]
[betongphuongbac.com/hpm/images/Upload/images/15aae802d471122f4b60.jpg]
[betongphuongbac.com/hpm/images/Upload/images/DSC_2250.jpg]
[betongphuongbac.com/hpm/images/Upload/images/26771875512e9770ce3f.jpg]
[betongphuongbac.com/hpm/images/Upload/images/sinh-phinh-2022 (15).jpg]
[betongphuongbac.com/index.php/tin-tuc/chuyen-thien-nguyen-chan-am-vung-cao-nam-2022-n49.html]
[betongphuongbac.com/hpm/images/Upload/images/Thiep chuc mung nam moi 2023 KD.jpg]
[betongphuongbac.com/index.php/tin-tuc/chuc-mung-nam-moi---xuan-quy-mao-2023-n50.html]
[betongphuongbac.com/index.php/site/page/69fb4.html]
[betongvietduc.com/wp-content/uploads/2019/10/cnt2.23e.delayed]
[betongphuongbac.com/index.php/tin-tuc/co-nen-su-dung-cat-nhan-tao-cho-be-tong_-n32.html]
[betongphuongbac.com/index.php/site/page/5b353.html]
[betongphuongbac.com/hpm/images/Upload/images/ISO 90012015 2021 V.jpg]
[betongphuongbac.com/hpm/images/Upload/images/TCVN 9113 2021.jpg]
[betongphuongbac.com/hpm/images/Upload/images/TCVN9116.jpg]
[betongphuongbac.com/index.php/tin-tuc/duy-tri--chung-nhan-phu-hop-tieu-chuan--n43.html]
[betongphuongbac.com/hpm/images/Upload/images/Cong D2000 TB.jpg]
[betongphuongbac.com/index.php/tin-tuc/ong-cong-be-tong-duc-san-chat-luong-tot-nhat-mien-bac-n40.html]
[betongphuongbac.com/index.php/site/page/415f4.html]
[betongphuongbac.com/hpm/images/Upload/images/thien-nguyen-phuong-bac-6.jpg]
[betongphuongbac.com/hpm/images/Upload/images/thien-nguyen-phuong-bac-1.jpg]
[betongphuongbac.com/hpm/images/Upload/images/thien-nguyen-phuong-bac-2.jpg]
[betongphuongbac.com/hpm/images/Upload/images/thien-nguyen-phuong-bac-5.jpg]
[betongphuongbac.com/hpm/images/Upload/images/thien-nguyen-phuong-bac.jpg]
[betongphuongbac.com/hpm/images/Upload/images/thiennguyen.jpg]
[betongphuongbac.com/hpm/images/Upload/images/Gieng khoan 1.jpg]
[betongphuongbac.com/index.php/tin-tuc/chuong-trinh-thien-nguyen-ha-lang-cao-bang-nam-2023-da-thanh-cong-tot-dep-n52.html]
[betongphuongbac.com/index.php/site/page/9c3a7.html]
[betongphuongbac.com/hpm/images/Upload/images/Thiep chuc mung nam moi 2022 2.jpg]
[betongphuongbac.com/index.php/tin-tuc/chuc-mung-nam-moi-xuan-nham-dan---2022-n44.html]
[betongphuongbac.com/images/attachment/5489cong-tron-be-tong-(6).jpg]
[betongphuongbac.com/hpm/images/Upload/images/ong-cong-be-tong-cot-thep (2).jpg]
[betongphuongbac.com/hpm/images/Upload/images/cong-be-tong-cot-thep (3).jpg]
[betongphuongbac.com/index.php/bao-gia-cong-tron-be-tong-p52.html]
[betongphuongbac.com/index.php/site/page/318f7.html]
[betongphuongbac.com/hpm/images/Upload/images/14(1).jpg]
[betongphuongbac.com/hpm/images/Upload/images/snh-nhat-be-tong-phuong-bac-5-nam.jpg]
[betongphuongbac.com/hpm/images/Upload/images/snh-nhat-be-tong-phuong-bac-5-nam 4.jpg]
[betongphuongbac.com/hpm/images/Upload/images/snh-nhat-be-tong-phuong-bac-5-nam 5.jpg]
[betongphuongbac.com/hpm/images/Upload/images/snh-nhat-be-tong-phuong-bac-5-nam 6.jpg]
[betongphuongbac.com/hpm/images/Upload/images/snh-nhat-be-tong-phuong-bac-5-nam 3.jpg]
[betongphuongbac.com/hpm/images/Upload/images/snh-nhat-be-tong-phuong-bac-5-nam 1.jpg]
[betongphuongbac.com/hpm/images/Upload/images/snh-nhat-be-tong-phuong-bac-5-nam 2.jpg]
[betongphuongbac.com/index.php/tin-tuc/le-ky-niem-5-nam-ngay-thanh-lap-be-tong-phuong-bac-n39.html]
[betongphuongbac.com/assets/9bc75d33/pager.css]
[betongphuongbac.com/index.php/cong-be-tong-c46.html]
[betongphuongbac.com/index.php/ho-ga-duc-san-c48.html]
[betongphuongbac.com/index.php/tam-tuong-be-tong-acotec-c47.html]
[betongphuongbac.com/index.php/cong-hop-doi-c55.html]
[betongphuongbac.com/index.php/cong-hop--c54.html]
[betongphuongbac.com/index.php/cong-tron-c53.html]
[betongphuongbac.com/hpm/images/Upload/images/ISO 90012015 nho.jpg]
[betongphuongbac.com/hpm/images/Upload/images/9116 2012 nho.jpg]
[betongphuongbac.com/hpm/images/Upload/images/9113 2012 E nho.jpg]
[betongphuongbac.com/hpm/images/Upload/images/QD cong nhan cong doan.jpg]
[betongphuongbac.com/hpm/images/Upload/images/CV Chap thuan NQLD.jpg]
[betongphuongbac.com/hpm/images/Upload/images/CV chap thuan TULD TT.jpg]
[betongphuongbac.com/index.php/tin-tuc/be-tong-phuong-bac-hoan-thien-nhieu-thu-tuc-phap-ly-theo-quy-dinh-n25.html]
[betongphuongbac.com/images/attachment/6331conghopdoi-(2).jpg]
[sv1.vacdn.link/user_fc1f61ea07e3b1c261d86aed0e599f50/447a6607db7d2b02cb0e2bc856a6a677.jpg]
[sv1.vacdn.link/user_fc1f61ea07e3b1c261d86aed0e599f50/aa2401811855ae54bfbb8f0272bd8c0a.jpg]
[sv1.vacdn.link/user_fc1f61ea07e3b1c261d86aed0e599f50/061c75a94213f2504d3bd29d2fc1fdeb.jpg]
[betongphuongbac.com/index.php/cong-hop-be-tong-duc-san-–-dat-chuan-tcvn-9116_2012-p90.html]
[betongphuongbac.com/images/attachment/2687dien-bien-(5).jpg]
[betongphuongbac.com/index.php/cong-tron-be-tong-duc-san_-giai-phap-toan-dien-cho-moi-cong-trinh-p89.html]
[betongphuongbac.com/images/attachment/8274cong-tron-d1500-2.jpg]
[betongphuongbac.com/index.php/cong-tron-be-tong-cot-thep-san-xuat-tai-thai-binh-p87.html]
[betongphuongbac.com/images/attachment/6954conghopbetongphuongbac.jpg]
[betongphuongbac.com/index.php/chi-so-tieu-chuan-thu-tai-cua-cong-hop-duc-san-p86.html]
[betongphuongbac.com/images/attachment/7481cong-hop-be-tong-(5).jpg]
[betongphuongbac.com/hpm/images/Upload/images/Bao Gia TB 1.jpg]
[betongphuongbac.com/hpm/images/Upload/images/Bao Gia TB 3.jpg]
[betongphuongbac.com/hpm/images/Upload/images/Bao Gia TB 2.jpg]
[betongphuongbac.com/hpm/images/Upload/images/ong-cong-be-tong-duc-san (10).jpg]
[betongphuongbac.com/index.php/bao-gia-cong-be-tong-tai-thai-binh-nam-dinh-p85.html]
[betongphuongbac.com/images/attachment/3947cong-hop-be-tong-(5).jpg]
[betongphuongbac.com/index.php/cong-be-tong-duc-san-mien-bac-p82.html]
[betongphuongbac.com/hpm/images/Upload/images/13.jpg]
[betongphuongbac.com/Cống bê tông đúc sẵn chất lượng cung cấp toàn miền bắc.html]
[betongphuongbac.com/images/attachment/6461bao-gia-cong-hop-doi-be-tong-duc-san-1.jpg]
[betongphuongbac.com/hpm/images/Upload/images/gia-ban-cong-quang-ninh.jpg]
[betongphuongbac.com/index.php/bao-gia-cong-be-tong-tai-quang-ninh-nam-2023-p81.html]
[betongphuongbac.com/BÁO GIÁ CỐNG BÊ TÔNG TẠI QUẢNG NINH NĂM 2023.html]
[betongphuongbac.com/images/attachment/4776cong-be-tong-cot-thep-(2).jpg]
[betongphuongbac.com/hpm/images/Upload/images/cong-tron-be-tong (20).jpg]
[betongphuongbac.com/index.php/yeu-cau-ve-hinh-thuc-ben-ngoai-cua-ong-cong-be-tong-p78.html]
[betongphuongbac.com/images/attachment/7771cong-tron-loe-(5).jpg]
[betongphuongbac.com/hpm/images/Upload/images/cong-tron-loe (5).jpg]
[betongphuongbac.com/hpm/images/Upload/images/ong-cong-be-tong-duc-san (26).jpg]
[betongphuongbac.com/index.php/thu-nghiem-do-chong-tham-cua-ong-cong-be-tong-duc-san-p77.html]
[betongphuongbac.com/images/attachment/9243cong-hop-doi-duc-san-(2).jpg]
[betongphuongbac.com/hpm/images/Upload/images/cong-hop-doi-duc-san (2)(1).jpg]
[betongphuongbac.com/index.php/chi-tieu-thu-nghiem-do-tham-nuoc-cua-cong-hop-be-tong-p76.html]
[betongphuongbac.com/index.php/cong-be-tong-c464658.html]
[betongphuongbac.com/images/attachment/thumb/6080dsc_1989.jpg]
[betongphuongbac.com/images/attachment/thumb/6676img_20191010_1143297.jpg]
[betongphuongbac.com/images/attachment/thumb/9607ong-cong-be-tong.jpg]
[betongphuongbac.com/images/attachment/thumb/7774dsc_2109.jpg]
[betongphuongbac.com/index.php/cong-be-tong-c469ba9.html]
[betongphuongbac.com/images/attachment/thumb/4334dsc_1827.jpg]
[betongphuongbac.com/images/attachment/thumb/2059dsc_1308.jpg]
[betongphuongbac.com/images/attachment/thumb/3172ong-cong-be-tong-duc-san-(10).jpg]
[betongphuongbac.com/index.php/cong-be-tong-c46fdb0.html]
[betongphuongbac.com/index.php/tin-tuc/tuyen-ky-su-quan-ly-san-xuat-n51.html]
[betongphuongbac.com/hpm/images/Upload/images/Doanh nhaan.jpg]
[betongphuongbac.com/index.php/tin-tuc/chuc-mung-ngay-doanh-nhan-viet-nam-n42.html]
[betongphuongbac.com/images/attachment/3643img_20190917_164544.jpg]
[betongphuongbac.com/hpm/images/Upload/images/de-cong-goi-cong.jpg]
[betongphuongbac.com/hpm/images/Upload/images/goi-cong-de-cong-be-tong.jpg]
[betongphuongbac.com/hpm/images/Upload/images/goi-cong-de-cong-be-tong (2).jpg]
[betongphuongbac.com/index.php/goi-do-cong-(de-cong)-d300---d1500-p61.html]
[betongphuongbac.com/images/attachment/392img_20200713_135222.jpg]
[betongphuongbac.com/images/attachment/thumb/6369img_20200713_094439.jpg]
[betongphuongbac.com/images/attachment/thumb/4305img_20200713_135226.jpg]
[betongphuongbac.com/index.php/de-(goi)-cong-be-tong-p60.html]
[betongphuongbac.com/hpm/images/Upload/images/c10fd39fdd2912774b38.jpg]
[betongphuongbac.com/hpm/images/Upload/images/hà giang.jpg]
[betongphuongbac.com/hpm/images/Upload/images/bdbc9a9c292ce672bf3d.jpg]
[betongphuongbac.com/hpm/images/Upload/images/635ba1a43412fb4ca203.jpg]
[betongphuongbac.com/hpm/images/Upload/images/c7d4ac21d89717c94e86.jpg]
[betongphuongbac.com/hpm/images/Upload/images/DSC_0978.jpg]
[betongphuongbac.com/index.php/tin-tuc/kham-pha-ha-giang---mua-hoa-trang-no-n45.html]
[betongphuongbac.com/images/attachment/5353gioang-cao-su-cong-(5).jpg]
[betongphuongbac.com/index.php/video-huong-dan-cach-lap-gioang-cao-su-cho-cong-hop-p64.html]
[uphinhnhanh.com/images/2018/11/19/DSC_2244.2aa.delayed]
[uphinhnhanh.com/images/2018/11/19/DSC_2245.jpg]
[betongphuongbac.com/hpm/images/Upload/images/gioang-cao-su-cong.jpg]
[betongphuongbac.com/hpm/images/Upload/images/gioang-cao-su-cong (5).jpg]
[betongphuongbac.com/hpm/images/Upload/images/gioang-cao-su-cong (1).jpg]
[betongphuongbac.com/index.php/video-huong-dan-cach-lap-gioang-cao-su-cong-be-tong-p64.html]
[betongphuongbac.com/images/attachment/2291ong-cong-be-tong-duc-san-(25).jpg]
[betongphuongbac.com/hpm/images/Upload/images/ong-cong-be-tong-duc-san (9).jpg]
[betongphuongbac.com/index.php/bao-gia-gioang-cao-su-p54.html]
[betongphuongbac.com/images/attachment/3150gioang-nho.jpg]
[betongphuongbac.com/images/attachment/thumb/3976dsc_2247.jpg]
[betongphuongbac.com/images/attachment/thumb/7515dsc_2233.jpg]
[betongphuongbac.com/images/attachment/thumb/3008dsc_2303.jpg]
[betongphuongbac.com/images/attachment/thumb/684img_20181110_092526.jpg]
[betongphuongbac.com/images/attachment/thumb/2804dsc_2863.jpg]
[betongphuongbac.com/index.php/gioang-cao-su-cho-moi-noi-cong-p38.html]
[betongphuongbac.com/hpm/images/Upload/images/Nghi he.jpg]
[betongphuongbac.com/hpm/images/Upload/images/Nghi he 1.jpg]
[betongphuongbac.com/hpm/images/Upload/images/nghi he 2.jpg]
[betongphuongbac.com/hpm/images/Upload/images/Nghi he 3.jpg]
[betongphuongbac.com/hpm/images/Upload/images/nghi he 4.jpg]
[betongphuongbac.com/hpm/images/Upload/images/Nghi he 5.jpg]
[betongphuongbac.com/index.php/tin-tuc/mua-he-ruc-chay-cung-be-tong-phuong-bac-n46.html]
[betongphuongbac.com/images/attachment/1886cong-be-tong-cot-thep-(2).jpg]
[betongphuongbac.com/index.php/bao-gia-cong-tron-be-tong-duc-san-tai-ha-noi,-vinh-phuc,-bac-ninh,-hung-yen,-phu-tho,-ha-nam,-thai-nguyen-p73.html]
[betongphuongbac.com/images/attachment/3180cong-be-tong-cot-thep-(2).jpg]
[betongphuongbac.com/Giới thiệu cống tròn bê tông đúc sẵn.2c4.delayed]
[betongphuongbac.com/index.php/video-gioi-thieu-cong-tron-be-tong-do-be-tong-phuong-bac-san-xuat-p70.html]
[betongphuongbac.com/images/attachment/3276cong-be-tong-cot-thep-(8).jpg]
[betongphuongbac.com/hpm/images/Upload/images/9113 2012 nho.jpg]
[betongphuongbac.com/index.php/tieu-chuan-ong-cong-tron-be-tong-duc-san-p55.html]
[betongphuongbac.com/images/attachment/6174dsc_2194.jpg]
[betongphuongbac.com/index.php/-ong-cong-be-tong-duc-san-d600-p19.html]
[betongphuongbac.com/hpm/images/Upload/images/cong-be-tong-cot-thep (6).jpg]
[betongphuongbac.com/index.php/ong-cong-tron-be-tong-cot-thep-d800-(ong-cong-d800)-p42.html]
[betongphuongbac.com/images/attachment/7421cong-tron-be-tong-(15).jpg]
[betongphuongbac.com/hpm/images/Upload/images/cong-be-tong-cot-thep (1).jpg]
[betongphuongbac.com/hpm/images/Upload/images/ho-ga-duc-san (5).jpg]
[betongphuongbac.com/index.php/cong-be-tong-cot-thep-d1500-(ong-cong)-p41.html]
[betongphuongbac.com/images/attachment/2633fb_img_1565523540465.jpg]
[betongphuongbac.com/images/attachment/thumb/171img_20190703_1134088.jpg]
[betongphuongbac.com/hpm/images/Upload/images/ong-cong-be-tong-duc-san (20).jpg]
[betongphuongbac.com/index.php/cong-tron-d1250-(ong-cong-d1200)-p40.html]
[betongphuongbac.com/index.php/cong-tron-c534658.html]
[betongphuongbac.com/hpm/images/Upload/images/14.jpg]
[betongphuongbac.com/hpm/images/Upload/images/12.jpg]
[betongphuongbac.com/index.php/tin-tuc/be-tong-phuong-bac---5-nam-chang-duong-khang-dinh-n38.html]
[betongphuongbac.com/images/attachment/2977cong-ho-be-tong-duc-san-(1).jpg]
[betongphuongbac.com/hpm/images/Upload/images/cong-hop-be-tong-duc-san (9).jpg]
[betongphuongbac.com/hpm/images/Upload/images/cong-ho-be-tong-duc-san (1).jpg]
[betongphuongbac.com/index.php/bao-gia-cong-hop-be-tong-tai-vinh-phuc,-phu-tho,-thai-nguyen,-bac-ninh,-bac-giang,-ha-noi-p72.html]
[betongphuongbac.com/images/attachment/2139cong-hop-doi-be-tong-duc-san-(7).jpg]
[betongphuongbac.com/cống hộp đôi đúc sẵn chất lượng cao]
[betongphuongbac.com/index.php/video-cong-hop-doi-h2x3x3-be-tong-phuong-bac-san-xuat-p69.html]
[betongphuongbac.com/images/attachment/2017cong-ho-be-tong-duc-san-(10).jpg]
[betongphuongbac.com/index.php/cong-hop-be-tong-duc-san-p49.html]
[betongphuongbac.com/images/attachment/407cong-hop-be-tong-(1).jpg]
[betongphuongbac.com/index.php/cac-thong-so-cong-hop-don-va-cong-hop-doi-p50.html]
[betongphuongbac.com/images/attachment/thumb/4168cong-hop.jpg]
[betongphuongbac.com/hpm/images/Upload/images/cong-ho-be-tong-duc-san (7).jpg]
[betongphuongbac.com/index.php/cong-hop-h-2000-x-2000-p43.html]
[betongphuongbac.com/images/attachment/2218doi-2.jpg]
[betongphuongbac.com/index.php/cong-hop-3000mm-x-3000mm-(3m-x-3m)m-p18.html]
[betongphuongbac.com/hpm/images/Upload/images/cong-hop-doi-duc-san (2).jpg]
[betongphuongbac.com/images/attachment/thumb/5118h1.jpg]
[betongphuongbac.com/index.php/cong-hop-be-tong-cot-thep-duc-san-p37.html]
[betongphuongbac.com/images/attachment/4635dsc_1267.jpg]
[betongphuongbac.com/images/attachment/thumb/5616h2.jpg]
[betongphuongbac.com/images/attachment/thumb/7466h1.jpg]
[betongphuongbac.com/images/attachment/thumb/4748dsc_1827.jpg]
[betongphuongbac.com/images/attachment/thumb/8709dsc_1662.jpg]
[betongphuongbac.com/images/attachment/thumb/8976dsc_1472.jpg]
[betongphuongbac.com/images/attachment/thumb/7964img_20190619_123304.jpg]
[betongphuongbac.com/index.php/cong-hop-don-duc-san-p31.html]
[betongphuongbac.com/images/attachment/6889img_20191126_152155.jpg]
[betongphuongbac.com/images/attachment/thumb/3441h2.jpg]
[betongphuongbac.com/images/attachment/thumb/9641h1.jpg]
[betongphuongbac.com/images/attachment/thumb/3657cong-hop-800-x-800-chieu-dai-dot-cong-1000_s_1_400_1.jpg]
[betongphuongbac.com/images/attachment/thumb/3776img_20191121_085010.jpg]
[betongphuongbac.com/images/attachment/thumb/9595img_20190903_1354350.jpg]
[betongphuongbac.com/index.php/cong-hop-800-x-800-(chieu-dai-dot-cong-1000)-p16.html]
[betongphuongbac.com/images/attachment/9754img_1560921859475_1560921915931.jpg]
[betongphuongbac.com/images/attachment/thumb/994720150525_154020.jpg]
[betongphuongbac.com/images/attachment/thumb/25119116-2012.jpg]
[betongphuongbac.com/images/attachment/thumb/7579dsc_1307.jpg]
[betongphuongbac.com/images/attachment/thumb/9564h2.jpg]
[betongphuongbac.com/index.php/cong-hop-be-tong-p15.html]
[betongphuongbac.com/images/attachment/9468img_20200528_085334.jpg]
[betongphuongbac.com/hpm/images/Upload/images/cong-hop-doi-be-tong-duc-san (48).jpg]
[betongphuongbac.com/index.php/cong-hop-be-tong-duc-san-p14.html]
[betongphuongbac.com/images/attachment/8806cong-hop-doi-be-tong-duc-san-(25).jpg]
[betongphuongbac.com/hpm/images/Upload/images/TCVN9116(1).jpg]
[betongphuongbac.com/hpm/images/Upload/images/cong-hop-be-tong-duc-san (23).jpg]
[betongphuongbac.com/hpm/images/Upload/images/cong-hop-be-tong-duc-san (32).jpg]
[betongphuongbac.com/index.php/cac-thong-so-cong-hop-be-tong-don-va-cong-hop-doi-p50.html]
[betongphuongbac.com/images/attachment/3041cong-hop-doi-duc-san-(22).jpg]
[betongphuongbac.com/hpm/images/Upload/images/cong-hop-doi-duc-san (12).jpg]
[betongphuongbac.com/index.php/hop-doi-h2-x-(2500x2500)-p46.html]
[betongphuongbac.com/hpm/images/Upload/images/cong-hop-doi-duc-san (25).jpg]
[betongphuongbac.com/hpm/images/Upload/images/cong-hop-doi-duc-san (10).jpg]
[betongphuongbac.com/index.php/cong-hop-doi-h2-x-(2500x2500)-p46.html]
[betongphuongbac.com/images/attachment/3574cong-hop-doi-duc-san-(13).jpg]
[betongphuongbac.com/hpm/images/Upload/images/cong-hop-doi-duc-san (35).jpg]
[betongphuongbac.com/hpm/images/Upload/images/cong-hop-doi-duc-san (24).jpg]
[betongphuongbac.com/index.php/cong-hop-doi-h-2x-(1500x1500)-p45.html]
[betongphuongbac.com/images/attachment/5126tk-hop-doi.jpg]
[betongphuongbac.com/images/attachment/thumb/6244tk-hop-doi-1.jpg]
[betongphuongbac.com/images/attachment/thumb/2677tk-hop-doi-2.jpg]
[betongphuongbac.com/images/attachment/thumb/967dsc_2469.jpg]
[betongphuongbac.com/images/attachment/thumb/3416dsc_2789.jpg]
[betongphuongbac.com/images/attachment/thumb/5505doi-4.jpg]
[betongphuongbac.com/index.php/thiet-ke-cong-hop-doi-p32.html]
[betongphuongbac.com/images/attachment/340hop-doi-3m.jpg]
[betongphuongbac.com/index.php/cong-hop-doi-p17.html]
[betongphuongbac.com/images/attachment/562ho-ga-be-tong-phuong-bac-(1).jpg]
[betongphuongbac.com/index.php/ho-ga-duc-san-p7.html]
[betongphuongbac.com/ho-ga-duc-san-c48fa5d.html]
[static.xx.fbcdn.net/images/emoji.php/v9/t4f/1/16/1f447.png]
[betongphuongbac.com/hpm/images/Upload/images/ho-ga-be-tong-phuong-bac (3).jpg]
[betongphuongbac.com/hpm/images/Upload/images/ho-ga-be-tong-phuong-bac (5).jpg]
[betongphuongbac.com/hpm/images/Upload/images/ho-ga-be-tong-phuong-bac (1).jpg]
[betongphuongbac.com/hpm/images/Upload/images/ga to H2x2 1.jpg]
[betongphuongbac.com/index.php/ho-ga-duc-san-kich-thuoc-lon-nhieu-dau-dau-noi-cac-loai-cong-be-tong-p75.html]
[betongphuongbac.com/images/attachment/2942ho-ga-duc-san-be-tong-(12).jpg]
[betongphuongbac.com/hpm/images/Upload/images/cong-be-tong-duc-san (3).jpg]
[betongphuongbac.com/hpm/images/Upload/images/ho-ga-be-tong-duc-san (14).jpg]
[betongphuongbac.com/index.php/vai-tro-cua-ho-ga-trong-he-thong-thoat-nuoc-p74.html]
[betongphuongbac.com/images/attachment/9937ho-ga-duc-san-(5).jpg]
[betongphuongbac.com/hpm/images/Upload/images/ho-ga-be-tong-duc-san (11).jpg]
[betongphuongbac.com/hpm/images/Upload/images/ho-ga-duc-san (2).jpg]
[betongphuongbac.com/hpm/images/Upload/images/ho-ga-be-tong-duc-san (10).jpg]
[betongphuongbac.com/index.php/tong-hop-kich-thuoc-long-ho-ho-ga-ung-voi-dau-noi-cong-be-tong-tron-p58.html]
[betongphuongbac.com/images/attachment/2453dsc_2109.jpg]
[betongphuongbac.com/hpm/images/Upload/images/ho-ga-be-tong-duc-san (1).jpg]
[betongphuongbac.com/index.php/cac-loai-ho-ga-be-tong-thoat-nuoc-p48.html]
[betongphuongbac.com/images/attachment/5214ho-ga_s_1_400_1.jpg]
[betongphuongbac.com/hpm/images/Upload/images/ho-ga-duc-san (5)(1).jpg]
[betongphuongbac.com/hpm/images/Upload/images/ho-ga-duc-san-be-tong (12).jpg]
[betongphuongbac.com/hpm/images/Upload/images/ho-ga-be-tong-duc-san (12).jpg]
[betongphuongbac.com/images/attachment/thumb/145img_20180304_200506.jpg]
[betongphuongbac.com/images/attachment/thumb/5882dsc_1216.jpg]
[betongphuongbac.com/images/attachment/thumb/55962016-11-22-21.47.57.jpg]
[betongphuongbac.com/index.php/ho-ga-be-tong-p8.html]
[betongphuongbac.com/images/attachment/627img_20200410_101330.jpg]
[betongphuongbac.com/images/attachment/thumb/33ho-ga-duc-san.jpg]
[betongphuongbac.com/images/attachment/thumb/293ho-ga-be-tong.jpg]
[betongphuongbac.com/images/attachment/thumb/3234ho-ga-be-tong_s_1_400_1.jpg]
[betongphuongbac.com/index.php/ho-ga-be-tong-duc-san-p7.html]
[betongphuongbac.com/images/attachment/2813ho-ga-duc-san_s_1_400_1.jpg]
[betongphuongbac.com/hpm/images/Upload/images/ho-ga-duc-san-be-tong (3).jpg]
[betongphuongbac.com/images/attachment/thumb/5705dsc_2108.jpg]
[betongphuongbac.com/images/attachment/thumb/7195dsc_2302.jpg]
[betongphuongbac.com/index.php/ho-ga-thu-truc-tiep-p6.html]
[betongphuongbac.com/images/attachment/7253ranh-be-tong-chu-u-(2).jpg]
[betongphuongbac.com/hpm/images/Upload/images/ranh-be-tong-chu-u (2).jpg]
[betongphuongbac.com/hpm/images/Upload/images/ranh-be-tong-chu-u (1).jpg]
[betongphuongbac.com/hpm/images/Upload/images/ranh-be-tong-chu-u (4).jpg]
[betongphuongbac.com/index.php/ranh-be-tong-chu-u-cho-du-an-kdt-tht-ha-noi-p66.html]
[betongphuongbac.com/images/attachment/159hao-ky-thuat_s_1_400_1.jpg]
[betongphuongbac.com/images/attachment/thumb/871020160730_152310.jpg]
[betongphuongbac.com/images/attachment/thumb/566120160717_161716.jpg]
[betongphuongbac.com/images/attachment/thumb/3732dsc_1786.jpg]
[betongphuongbac.com/index.php/hao-ky-thuat-be-tong-duc-san-p11.html]
[betongphuongbac.com/images/attachment/2659hao-ky-thuat.jpg]
[betongphuongbac.com/images/attachment/thumb/4488dsc_2184.jpg]
[betongphuongbac.com/images/attachment/thumb/3200dsc_2185.jpg]
[betongphuongbac.com/cac-san-pham-cau-kien-be-tong-duc-san-c50.html]
[betongphuongbac.com/images/attachment/thumb/4552hao-ky-thuat-be-tong-duc-san_s_1_400_1.jpg]
[betongphuongbac.com/index.php/-hao-ky-thuat-p10.html]
[betongphuongbac.com/images/attachment/558ranh-thoat-nuoc_s_1_400_1.jpg]
[betongphuongbac.com/images/attachment/thumb/9189hao-ky-thuat.jpg]
[betongphuongbac.com/images/attachment/thumb/7717dsc_2186.jpg]
[betongphuongbac.com/images/attachment/thumb/307620160730_152310.jpg]
[betongphuongbac.com/images/attachment/thumb/303120160717_161716.jpg]
[betongphuongbac.com/index.php/ranh-thoat-nuoc-p4.html]
[betongphuongbac.com/images/attachment/7596bo-via-gia-da-(1)1.jpg]
[betongphuongbac.com/hpm/images/Upload/images/Bo via gia da (4).jpg]
[betongphuongbac.com/hpm/images/Upload/images/Bo via gia da (1)1.jpg]
[betongphuongbac.com/hpm/images/Upload/images/Bo via gia da (2).jpg]
[betongphuongbac.com/hpm/images/Upload/images/Bo via gia da (1).jpg]
[betongphuongbac.com/hpm/images/Upload/images/Bo via hoa van ke soc.jpg]
[betongphuongbac.com/hpm/images/Upload/images/Bo via gia da.jpg]
[betongphuongbac.com/index.php/bo-via-gia-da-p84.html]
[betongphuongbac.com/images/attachment/3052gach-tu-chen-block.jpg]
[betongphuongbac.com/hpm/images/Upload/images/gach-tu-chen-block.jpg]
[betongphuongbac.com/index.php/gach-block-tu-chen--p68.html]
[betongphuongbac.com/hpm/images/Upload/images/gach-block-tu-chen-bat-giac-mau-ghi.jpg]
[betongphuongbac.com/hpm/images/Upload/images/gach-block-tu-chen-con-sau-mau-vang.jpg]
[betongphuongbac.com/hpm/images/Upload/images/-gach-block-tu-chen-luc-giac-mau-do.jpg]
[betongphuongbac.com/index.php/gach-block-tu-chen-p68.html]
[betongphuongbac.com/images/attachment/41kerb-stone-500x500.jpg]
[betongphuongbac.com/images/attachment/thumb/6213img_20200509_094523.jpg]
[betongphuongbac.com/images/attachment/thumb/8095img_20200509_094519.jpg]
[betongphuongbac.com/images/attachment/thumb/2006img_20200509_094513.jpg]
[betongphuongbac.com/images/attachment/thumb/2703pic-8-pressed-kerbs-2.jpg]
[betongphuongbac.com/index.php/bo-via-be-tong-theo-kich-thuoc-p57.html]
[betongphuongbac.com/images/attachment/4685coc-van.jpg]
[betongphuongbac.com/hpm/images/Upload/images/Ep coc van.jpg]
[betongphuongbac.com/hpm/images/Upload/images/Cu van BTCT.jpg]
[betongphuongbac.com/index.php/thi-cong-coc-cu-be-tong-w600a-tai-quang-ninh-p63.html]
[betongphuongbac.com/images/attachment/3000dsc_1100.jpg]
[betongphuongbac.com/hpm/images/Upload/images/coc-cu-van-be-tong (1).jpg]
[betongphuongbac.com/index.php/dac-diem-coc-van-cu-be-tong-du-ung-luc-p62.html]
[betongphuongbac.com/images/attachment/4056coc-van.jpg]
[betongphuongbac.com/index.php/tin-tuc/coc-van-cu-be-tong-cot-thep-du-ung-luc-n33.html]
[betongphuongbac.com/images/attachment/thumb/1993dsc_1095.jpg]
[betongphuongbac.com/images/attachment/thumb/8305dsc_2703.jpg]
[betongphuongbac.com/images/attachment/thumb/7548dsc_1096.jpg]
[betongphuongbac.com/index.php/coc-van-cu-be-tong-du-ung-luc-p59.html]
[betongphuongbac.com/images/attachment/7397img_20190920_111658.jpg]
[betongphuongbac.com/images/attachment/thumb/6755img_20190920_111307.jpg]
[betongphuongbac.com/images/attachment/thumb/5284img_20190920_111408.jpg]
[betongphuongbac.com/images/attachment/thumb/9820img_20190920_111421.jpg]
[betongphuongbac.com/images/attachment/thumb/3478img_20190920_111614.jpg]
[betongphuongbac.com/index.php/tam-tuong-acotec---cong-nghe-moi-cho-xay-dung-hien-dai-p44.html]
[betongphuongbac.com/images/attachment/5811tam-tuong.jpg]
[betongphuongbac.com/images/attachment/thumb/8609lap-ghep-tam-tuong.jpg]
[betongphuongbac.com/images/attachment/thumb/31921(2).jpg]
[betongphuongbac.com/images/attachment/thumb/31188(3).jpg]
[betongphuongbac.com/images/attachment/thumb/17879(2).jpg]
[betongphuongbac.com/images/attachment/thumb/38627(2).jpg]
[betongphuongbac.com/images/attachment/thumb/5996(2).jpg]
[betongphuongbac.com/images/attachment/thumb/15263(3).jpg]
[betongphuongbac.com/images/attachment/thumb/17654(2).jpg]
[betongphuongbac.com/images/attachment/thumb/49192(4).jpg]
[betongphuongbac.com/images/attachment/thumb/72765(2).jpg]
[betongphuongbac.com/images/attachment/thumb/493410(3).jpg]
[betongphuongbac.com/index.php/huong-dan-lap-dung-tam-tuong-acotec-p34.html]
[betongphuongbac.com/images/attachment/8195dsc_2842.jpg]
[betongphuongbac.com/images/attachment/thumb/2925tam-tuong-thong-so-ky-thuat.jpg]
[betongphuongbac.com/images/attachment/thumb/321215.jpg]
[betongphuongbac.com/images/attachment/thumb/3391dsc_2855.jpg]
[betongphuongbac.com/images/attachment/thumb/2196dsc_2840.jpg]
[betongphuongbac.com/images/attachment/thumb/9997dsc_2849.jpg]
[betongphuongbac.com/index.php/tam-tuong-acotec-p24.html]
[betongphuongbac.com/images/attachment/9475dsc_2836.jpg]
[betongphuongbac.com/images/attachment/thumb/7347dsc_2848.jpg]
[betongphuongbac.com/images/attachment/thumb/5313dsc_2851.jpg]
[betongphuongbac.com/images/attachment/thumb/8364dsc_2850.jpg]
[betongphuongbac.com/images/attachment/thumb/8549dsc_2828.jpg]
[betongphuongbac.com/images/attachment/thumb/264dsc_2830.jpg]
[betongphuongbac.com/images/attachment/thumb/7390dsc_2843.jpg]
[betongphuongbac.com/index.php/tam-san-acotech-p23.html]
[betongphuongbac.com/images/attachment/6952dsc_2831.jpg]
[betongphuongbac.com/images/attachment/thumb/3633dsc_2844.jpg]
[betongphuongbac.com/images/attachment/thumb/1638dsc_2847.jpg]
[betongphuongbac.com/images/attachment/thumb/9639dsc_2842.jpg]
[betongphuongbac.com/images/attachment/thumb/6514dsc_2849.jpg]
[betongphuongbac.com/images/attachment/thumb/261dsc_2843.jpg]
[betongphuongbac.com/images/attachment/thumb/7804dsc_2837.jpg]
[betongphuongbac.com/images/attachment/thumb/5939dsc_2839.jpg]
[betongphuongbac.com/images/attachment/thumb/8049dsc_2836.jpg]
[betongphuongbac.com/images/attachment/thumb/1771dsc_2830.jpg]
[betongphuongbac.com/index.php/tam-tuong,san-be-tong-acotec-p22.html]
[betongphuongbac.com/images/attachment/8326dsc_2841.jpg]
[betongphuongbac.com/hpm/images/Upload/images/Tam 1.jpg]
[betongphuongbac.com/hpm/images/Upload/images/Tam 2.jpg]
[betongphuongbac.com/images/attachment/thumb/5574img_20190622_141352.jpg]
[betongphuongbac.com/images/attachment/thumb/4080img_20190622_141348.jpg]
[betongphuongbac.com/hpm/images/Upload/images/tAM ACOTEC.jpg]
[betongphuongbac.com/index.php/tam-tuong-be-tong-acotec-p21.html]
[betongphuongbac.com/images/attachment/6998dsc_2823.jpg]
[betongphuongbac.com/images/attachment/thumb/4365dsc_2845.jpg]
[betongphuongbac.com/images/attachment/thumb/4534dsc_2836.jpg]
[betongphuongbac.com/index.php/tam-tuong-be-tong-acotec-p20.html]
[betongphuongbac.com/index.php/cau-thang-duc-san-c49.html]
[betongphuongbac.com/hpm/images/Upload/images/co-hop-doi-be-tong-duc-san (62).jpg]
[betongphuongbac.com/hpm/images/Upload/images/cong-hop-be-tong-doi (1).jpg]
[betongphuongbac.com/hpm/images/Upload/images/cong-hop-be-tong-doi (8).jpg]
[betongphuongbac.com/index.php/tin-tuc/du-an-duong-vao-bai-coc-cao-quyd---thuy-nguyen---hai-phong-n35.html]
[betongphuongbac.com/images/attachment/26952f213001e29850a9b038b7639b9063ea.jpg]
[betongphuongbac.com/index.php/cau-thang-be-tong-duc-san-p26.html]
[betongphuongbac.com/index.php/du-an-l7.html]
[betongphuongbac.com/index.php/nha-cung-cap-l8.html]
[betongphuongbac.com/index.php/khach-hang-l10.html]
[betongphuongbac.com/index.php/khach-hang/tong-cong-ty-dau-tu-phat-trien-ha-tang-va-do-thi-n24.html]
[betongphuongbac.com/index.php/khach-hang/tong-cong-ty-phat-trien-nha-va-do-thi-n23.html]
[betongphuongbac.com/index.php/khach-hang/tap-doan-vingroup-n22.html]
[betongphuongbac.com/index.php/khach-hang/samsung-thai-nguyen-n21.html]
[betongphuongbac.com/index.php/khach-hang/khu-cong-nghiep-va-do-thi-viet-nam-singapo---vsip-bac-ninh-n20.html]
[ecopark.com.vn/img/cache/su_truong_thanh_day_hung_khoi_1242211345.3c8.delayed]
[betongphuongbac.com/index.php/khach-hang/khu-do-thi-sinh-thai-ecopack---hung-yen-n19.html]
[www.vidifi.vn/images/tintuc/tintuc_noibat/thutuong_truongvinhtrong-thamtuyen1.jpg]
[betongphuongbac.com/index.php/khach-hang/tong-cong-ty-phat-trien-ha-tang-va-dau-tu-tai-chinh-viet-nam---vidifi-n18.html]
[betongphuongbac.com/index.php/khach-hang/tong-cong-ty-xnk-xay-dung-viet-nam---vinaconex-n17.html]
[betongphuongbac.com/hpm/images/Upload/images/VLXD_org_Cat_vang_do_be_tong.3cd.delayed]
[betongphuongbac.com/hpm/images/Upload/images/dA HA NAM.jpg]
[betongphuongbac.com/index.php/nha-cung-cap/da-xay-dung-ha-nam-n16.html]
[betongphuongbac.com/index.php/nha-cung-cap/xi-mang-vicem-n15.html]
[betongphuongbac.com/index.php/nha-cung-cap/thep-hoa-phat-n14.html]
[betongphuongbac.com/index.php/nha-cung-cap/thep-viet-uc-n13.html]
[betongphuongbac.com/index.php/site/page/10c456.html]
[betongphuongbac.com/index.php/tin-tuc-l2.html]
[betongphuongbac.com/hpm/images/Upload/images/DSC_2023.jpg]
[betongphuongbac.com/index.php/tin-tuc/ron-rang-ngay-tet-trung-thu-n47.html]
[betongphuongbac.com/index.php/tin-tuc/thu-cam-on-cuoi-nam!-n37.html]
[betongphuongbac.com/images/news/3974thiep-chuc-tet-tan-suu-2021-1.jpg]
[betongphuongbac.com/index.php/tin-tuc/thong-bao-tuyen-nhan-vien-kinh-doanh-n36.html]
[betongphuongbac.com/images/news/1098be-tong-phuong-bac.jpg]
[betongphuongbac.com/images/news/797dsc_2700.jpg]
[betongphuongbac.com/index.php/tin-tuc/thong-bao-nghi-tet-canh-ty-2020-n31.html]
[betongphuongbac.com/images/news/2617khat-vong-mua-xuan.jpg]
[betongphuongbac.com/index.php/tin-tuc/ky-nghi-cuoi-tuan-cac-gia-dinh-be-tong-phuong-bac-n30.html]
[betongphuongbac.com/images/news/5106phansipan.jpg]
[betongphuongbac.com/index.php/tin-tuc/kich-thuoc-va-sai-só-kich-thuoc-cac-loai-cong-hop-doi-n27.html]
[betongphuongbac.com/images/news/4266doi-4.jpg]
[betongphuongbac.com/index.php/tin-tuc/tinh-uu-viet-cua-tam-tuong-be-tong-duc-san-n26.html]
[betongphuongbac.com/images/news/3832tam1.jpg]
[betongphuongbac.com/index.php/tin-tuc/quy-chuan-cua-qua-trinh-tron-be-tong-theo-tieu-chuan-quoc-te-5-n9.html]
[betongphuongbac.com/images/news/1057img_4659.jpg]
[betongphuongbac.com/index.php/tin-tuc-l24658.html]
[betongphuongbac.com/index.php/tin-tuc/quy-chuan-cua-qua-trinh-tron-be-tong-theo-tieu-chuan-quoc-te-4-n8.html]
[betongphuongbac.com/images/news/3515img_1540288707364_1540362078529.jpg]
[betongphuongbac.com/index.php/tin-tuc/quy-chuan-cua-qua-trinh-tron-be-tong-theo-tieu-chuan-quoc-te-3-n7.html]
[betongphuongbac.com/images/news/9335be-tong-phuong-bac-1.jpg]
[betongphuongbac.com/index.php/tin-tuc/quy-chuan-cua-qua-trinh-tron-be-tong-theo-tieu-chuan-quoc-te-2-n6.html]
[betongphuongbac.com/images/news/8125cong-hop.jpg]
[betongphuongbac.com/index.php/tin-tuc/quy-chuan-cua-qua-trinh-tron-be-tong-theo-tieu-chuan-quoc-te-1-n5.html]
[betongphuongbac.com/images/news/2492vlxd.org_cat_vang_do_be_tong.jpg]
[betongphuongbac.com/index.php/tin-tuc-l29ba9.html]
[betongphuongbac.com/index.php/tuyen-dung-l3.html]
[betongphuongbac.com/index.php/tin-chuyen-nganh/tai-sao-nap-ho-ga-hinh-tron-n12.html]
[betongphuongbac.com/images/news/8076tai-sao-nap-ho-ga-hinh-tron_s_1_400_1.jpg]
[betongphuongbac.com/index.php/tin-chuyen-nganh-l6.html]
[betongphuongbac.com/index.php/tin-tuyen-dung-/cac-hinh-thuc-thanh-toan-n29.html]
[betongphuongbac.com/index.php/tin-tuyen-dung-/chinh-sach-bao-mat-thong-tin-ca-nhan-khach-hang-n28.html]
[betongphuongbac.com/index.php/lien-he.html]
[betongphuongbac.com/images/attachment/6080dsc_1989.jpg]
[betongphuongbac.com/hpm/images/Upload/images/san xuat thep.gif]
[betongphuongbac.com/hpm/images/Upload/images/thep-cuon-can-nong.jpg]
[betongphuongbac.com/index.php/phan-biet-thep-can-nong-va-thep-can-nguoi-p39.html]
[betongphuongbac.com/images/attachment/6676img_20191010_1143297.jpg]
[betongphuongbac.com/index.php/ong-cong-thoat-nuoc-be-tong-d300-d500-p36.html]
[betongphuongbac.com/images/attachment/9607ong-cong-be-tong.jpg]
[betongphuongbac.com/images/attachment/thumb/7529dsc_2303.jpg]
[betongphuongbac.com/images/attachment/thumb/4439dsc_2191.jpg]
[betongphuongbac.com/images/attachment/thumb/7472dsc_1987.jpg]
[betongphuongbac.com/images/attachment/thumb/858dsc_2195.jpg]
[betongphuongbac.com/images/attachment/thumb/1741img_20181110_092526.jpg]
[betongphuongbac.com/index.php/cong-tron-d2000-p35.html]
[betongphuongbac.com/images/attachment/7774dsc_2109.jpg]
[betongphuongbac.com/images/attachment/thumb/6530baner.jpg]
[betongphuongbac.com/images/attachment/thumb/8765doi-4.jpg]
[betongphuongbac.com/images/attachment/thumb/365dsc_2247.jpg]
[betongphuongbac.com/images/attachment/thumb/2234dsc_2303-be.jpg]
[betongphuongbac.com/index.php/bien-phap-thi-cong-cong-be-tong-thoat-nuoc-p33.html]
[betongphuongbac.com/images/attachment/4334dsc_1827.jpg]
[betongphuongbac.com/images/attachment/thumb/7205dsc_1982.jpg]
[betongphuongbac.com/images/attachment/thumb/9429dsc_2014.jpg]
[betongphuongbac.com/images/attachment/thumb/4887dsc_1410.jpg]
[betongphuongbac.com/images/attachment/thumb/1326dsc_1987.jpg]
[betongphuongbac.com/images/attachment/thumb/5149dsc_2188.jpg]
[betongphuongbac.com/index.php/cong-be-tong-va-ngoai-quan--p25.html]
[betongphuongbac.com/images/attachment/2059dsc_1308.jpg]
[betongphuongbac.com/images/attachment/thumb/98092016-11-14-16.56.25.jpg]
[betongphuongbac.com/images/attachment/thumb/8083dsc_1407.jpg]
[betongphuongbac.com/index.php/cong-tron-am-duong-p13.html]
[betongphuongbac.com/images/attachment/3172ong-cong-be-tong-duc-san-(10).jpg]
[betongphuongbac.com/hpm/images/Upload/images/cong-tron-be-tong (18).jpg]
[betongphuongbac.com/index.php/cong-tron-be-tong-p12.html]
[betongphuongbac.com/.html]
[betongphuongbac.com/-2.html]
[betongphuongbac.com/index.php/cong-hop-be-tong-cot-thep-duc-san-p49.html]
[betongphuongbac.com/index.php/cong-hop-be-tong-p14.html]
[betongphuongbac.com/index.php/bao-gia-cong-hop-cong-tron-nam-2023-tai-phu-tho-p80.html]
[betongphuongbac.com/index.php/-cong-hop-800-x-800-(chieu-dai-dot-cong-1000)-p16.html]
[betongphuongbac.com/index.php/cong-tron-be-tong-cot-thep-d800-(ong-cong-d800)-p42.html]
[betongphuongbac.com/index.php/tieu-chuan-cong-tron-be-tong-duc-san-p55.html]
[betongphuongbac.com/index.php/ong-cong-be-tong-d300---d500-p36.html]
[betongphuongbac.com/index.php/gach-lat-ngoai-troi-terrazzo-(lat-he,-lat-san-vuon,-loi-di....)-p67.html]
[betongphuongbac.com/index.php/cong-tron-be-tong-cot-thep-d1500-(ong-cong)-p41.html]
[betongphuongbac.com/index.php/-cong-hop-be-tong-1500-x-1500-(-1,5m-x-1,5m-)-p15.html]
[mongcai.gov.vn/caches/news/57a/0667e580.html]
[betongphuongbac.com/index.php/-ho-ga-duc-san-p7.html]
[betongphuongbac.com/index.php/du-an/khu-do-thi-moi-def-n2.html]
[betongphuongbac.com/images/news/9584123.jpg]
[betongphuongbac.com/index.php/du-an/khu-do-thi-moi-abc-n1.html]
[betongphuongbac.com/images/news/8350thu-tuong-phat-lenh-thong-xe-cao-toc-ha-noihai-phong.jpg]
[betongphuongbac.com/index.php/du-an-l4.html]
[betongphuongbac.com/hpm/images/Upload/images/hinh-anh-toan-canh-tien-do-du-an-vinhomes-ocean-park-1024x709-1.jpg]
[betongphuongbac.com/index.php/du-an/khu-do-thi-moi-ghi-n3.html]
[betongvietduc.com/wp-content/uploads/2019/10/cnt2.html]
[betongphuongbac.com/images/attachment/3643img_20190917_164544.html]
[betongphuongbac.com/index.php/video-huong-dan-cach-lap-gioang-cao-su-cho-cong-hop-p64.html]
[uphinhnhanh.com/images/2018/11/19/DSC_2244.html]
[uphinhnhanh.com/images/2018/11/19/DSC_2245.html]
[betongphuongbac.com/Giới thiệu cống tròn bê tông đúc sẵn.html]
[betongphuongbac.com/index.php/-ong-cong-be-tong-duc-san-d600-p19.html]
[betongphuongbac.com/cống hộp đôi đúc sẵn chất lượng cao.html]
[betongphuongbac.com/images/attachment/2017cong-ho-be-tong-duc-san-(10).html]
[betongphuongbac.com/index.php/cac-thong-so-cong-hop-don-va-cong-hop-doi-p50.html]
[betongphuongbac.com/index.php/cong-hop-3000mm-x-3000mm-(3m-x-3m)m-p18.html]
[betongphuongbac.com/index.php/hop-doi-h2-x-(2500x2500)-p46.html]
[betongphuongbac.com/index.php/ho-ga-duc-san-p7.html]
[betongphuongbac.com/ho-ga-duc-san-c48fa5d.html]
[betongphuongbac.com/cac-san-pham-cau-kien-be-tong-duc-san-c50.html]
[betongphuongbac.com/index.php/gach-block-tu-chen--p68.html]
[betongphuongbac.com/hpm/images/Upload/images/coc van cu.png]
[betongphuongbac.com/hpm/images/Upload/images/coc van be tong.jpg]
[betongphuongbac.com/hpm/images/Upload/images/Hình 3 coc van.png]
[betongphuongbac.com/hpm/images/Upload/images/hình 6.png]
[betongphuongbac.com/hpm/images/Upload/images/hinh 61.png]
[betongphuongbac.com/hpm/images/Upload/images/hinh 7.png]
[betongphuongbac.com/hpm/images/Upload/images/hinh 71.png]
[betongphuongbac.com/hpm/images/Upload/images/hinh 8.png]
[betongphuongbac.com/hpm/images/Upload/images/hinh81.png]
[betongphuongbac.com/hpm/images/Upload/images/hinh 9.png]
[betongphuongbac.com/hpm/images/Upload/images/hinh91.png]
[betongphuongbac.com/hpm/images/Upload/images/hinh101.png]
[betongphuongbac.com/hpm/images/Upload/images/hinh 10.png]
[betongphuongbac.com/hpm/images/Upload/images/hinh11.png]
[betongphuongbac.com/hpm/images/Upload/images/hinh11 1.png]
[betongphuongbac.com/hpm/images/Upload/images/hinh12.png]
[betongphuongbac.com/hpm/images/Upload/images/hinh121.png]
[betongphuongbac.com/index.php/tin-tuc/coc-van-cu-be-tong-cot-thep-du-ung-luc-n33.html]
[ecopark.com.vn/img/cache/su_truong_thanh_day_hung_khoi_1242211345.html]
[betongphuongbac.com/hpm/images/Upload/images/VLXD_org_Cat_vang_do_be_tong.html]
[betongphuongbac.com/hpm/images/Upload/images/dA HA NAM.html]
[betongphuongbac.com/index.php/tin-tuc/thu-cam-on-cuoi-nam!-n37.html]
[betongphuongbac.com/hpm/images/Upload/images/IMG_20200606_0917250.jpg]
[betongphuongbac.com/hpm/images/Upload/images/be-tong-phuong-bac.jpg]
[betongphuongbac.com/index.php/tin-tuc/thong-bao-tuyen-nhan-vien-kinh-doanh-n36.html]
[betongphuongbac.com/hpm/images/Upload/images/Thiep chuc mung nam moi 2020.jpg]
[betongphuongbac.com/index.php/tin-tuc/thong-bao-nghi-tet-canh-ty-2020-n31.html]
[betongphuongbac.com/hpm/images/Upload/images/IMG_20191201_0917551 (1).jpg]
[betongphuongbac.com/hpm/images/Upload/images/IMG_20191202_105312.jpg]
[betongphuongbac.com/hpm/images/Upload/images/IMG_20191202_105542.jpg]
[betongphuongbac.com/index.php/tin-tuc/ky-nghi-cuoi-tuan-cac-gia-dinh-be-tong-phuong-bac-n30.html]
[betongphuongbac.com/images/attachment/thumb/9649doi1.jpg]
[betongphuongbac.com/index.php/tin-tuc/kich-thuoc-va-sai-só-kich-thuoc-cac-loai-cong-hop-doi-n27.html]
[image.tinnhanhchungkhoan.vn/w660/uploaded/ngoctuanz/2019_07_13/14/1_otkc.jpg]
[image.tinnhanhchungkhoan.vn/uploaded/ngoctuanz/2019_07_13/14/2_upaa.jpg]
[image.tinnhanhchungkhoan.vn/w660/uploaded/ngoctuanz/2019_07_13/14/2_upaa.jpg]
[betongphuongbac.com/index.php/tin-tuc/tinh-uu-viet-cua-tam-tuong-be-tong-duc-san-n26.html]
[betongphuongbac.com/hpm/images/Upload/images/DSC_2303.jpg]
[betongphuongbac.com/hpm/images/Upload/images/DSC_2866.457.delayed]
[betongphuongbac.com/index.php/tin-tuc/quy-chuan-cua-qua-trinh-tron-be-tong-theo-tieu-chuan-quoc-te-5-n9.html]
[uphinhnhanh.com/images/2018/11/16/IMG_1540288707364_1540362078529.459.delayed]
[betongphuongbac.com/index.php/tin-tuc/quy-chuan-cua-qua-trinh-tron-be-tong-theo-tieu-chuan-quoc-te-4-n8.html]
[betongphuongbac.com/hpm/images/Upload/images/DSC_1399.jpg]
[betongphuongbac.com/index.php/tin-tuc/quy-chuan-cua-qua-trinh-tron-be-tong-theo-tieu-chuan-quoc-te-3-n7.html]
[betongphuongbac.com/index.php/tin-tuc/quy-chuan-cua-qua-trinh-tron-be-tong-theo-tieu-chuan-quoc-te-2-n6.html]
[betongphuongbac.com/index.php/tin-tuc/quy-chuan-cua-qua-trinh-tron-be-tong-theo-tieu-chuan-quoc-te-1-n5.html]
[i.postimg.cc/7ZgfmQsB/DSC-1255.jpg]
[betongphuongbac.com/hpm/images/Upload/images/DSC_2160.462.delayed]
[betongphuongbac.com/index.php/tin-chuyen-nganh/tai-sao-nap-ho-ga-hinh-tron-n12.html]
[static3.rongbaycdn.com/original/rb_up_new/2018/04/06/424267/201804083329_catalog_pbc_p5.html]
[betongphuongbac.com/index.php/du-an/khu-do-thi-moi-def-n2.html]
[betongphuongbac.com/index.php/du-an/khu-do-thi-moi-abc-n1.html]
[betongphuongbac.vn/uploads/images/ANH SAN PHAM/20160625_152818.jpg]
[betongphuongbac.com/hpm/images/Upload/images/DSC_2866.html]
[uphinhnhanh.com/images/2018/11/16/IMG_1540288707364_1540362078529.html]
[vatlieuxaydung.org.vn/Upload/48/Nam_2017/Thang_7/Ngay_29/VLXD.org_Cat_vang_do_be_tong.html]
[betongphuongbac.com/hpm/images/Upload/images/DSC_2160.html]
[betongphuongbac.vn/uploads/images/ANH SAN PHAM/Ranh1.jpg]
[bsgland.com/wp-content/uploads/2022/04/ket-noi-vung-du-an-vinaconex-mong-cai-1024x361.jpg]
[bsgland.com/wp-content/uploads/2022/04/cao-toc-ha-noi-mong-cai-vinaconex-mong-cai-1-1024x660.jpg]
[bsgland.com/wp-content/uploads/2022/04/cao-toc-van-don-mong-cai-1.jpg]
[www.nhadepkientruc.com/admin/upload-files/cau-thang-be-tong-lap-ghep003.jpg]
[www.nhadepkientruc.com/admin/upload-files/cau-thang-be-tong-lap-ghep004.jpg]
[www.nhadepkientruc.com/admin/upload-files/cau-thang-be-tong-lap-ghep005.jpg]
[file/C_/Users/ADMIN/AppData/Local/Temp/msohtmlclip1/01/clip_image012.gif]
[vanbanphapluat.co/data/2017/08/286654/image002.jpg]
